[    0.000000] Linux version 4.15.0-48-generic (buildd@lgw01-amd64-036) (gcc version 7.3.0 (Ubuntu 7.3.0-16ubuntu3)) #51-Ubuntu SMP Wed Apr 3 08:28:49 UTC 2019 (Ubuntu 4.15.0-48.51-generic 4.15.18)
[    0.000000] Command line: BOOT_IMAGE=/boot/vmlinuz-4.15.0-48-generic root=LABEL=cloudimg-rootfs ro console=tty1 console=ttyS0
[    0.000000] KERNEL supported cpus:
[    0.000000]   Intel GenuineIntel
[    0.000000]   AMD AuthenticAMD
[    0.000000]   Centaur CentaurHauls
[    0.000000] x86/fpu: Supporting XSAVE feature 0x001: 'x87 floating point registers'
[    0.000000] x86/fpu: Supporting XSAVE feature 0x002: 'SSE registers'
[    0.000000] x86/fpu: Supporting XSAVE feature 0x004: 'AVX registers'
[    0.000000] x86/fpu: xstate_offset[2]:  576, xstate_sizes[2]:  256
[    0.000000] x86/fpu: Enabled xstate features 0x7, context size is 832 bytes, using 'standard' format.
[    0.000000] e820: BIOS-provided physical RAM map:
[    0.000000] BIOS-e820: [mem 0x0000000000000000-0x000000000009fbff] usable
[    0.000000] BIOS-e820: [mem 0x000000000009fc00-0x000000000009ffff] reserved
[    0.000000] BIOS-e820: [mem 0x00000000000f0000-0x00000000000fffff] reserved
[    0.000000] BIOS-e820: [mem 0x0000000000100000-0x000000003ffeffff] usable
[    0.000000] BIOS-e820: [mem 0x000000003fff0000-0x000000003fffffff] ACPI data
[    0.000000] BIOS-e820: [mem 0x00000000fec00000-0x00000000fec00fff] reserved
[    0.000000] BIOS-e820: [mem 0x00000000fee00000-0x00000000fee00fff] reserved
[    0.000000] BIOS-e820: [mem 0x00000000fffc0000-0x00000000ffffffff] reserved
[    0.000000] NX (Execute Disable) protection: active
[    0.000000] SMBIOS 2.5 present.
[    0.000000] DMI: innotek GmbH VirtualBox/VirtualBox, BIOS VirtualBox 12/01/2006
[    0.000000] Hypervisor detected: KVM
[    0.000000] e820: last_pfn = 0x3fff0 max_arch_pfn = 0x400000000
[    0.000000] MTRR: Disabled
[    0.000000] x86/PAT: MTRRs disabled, skipping PAT initialization too.
[    0.000000] CPU MTRRs all blank - virtualized system.
[    0.000000] x86/PAT: Configuration [0-7]: WB  WT  UC- UC  WB  WT  UC- UC  
[    0.000000] found SMP MP-table at [mem 0x0009fff0-0x0009ffff] mapped at [        (ptrval)]
[    0.000000] Scanning 1 areas for low memory corruption
[    0.000000] RAMDISK: [mem 0x35adf000-0x36d66fff]
[    0.000000] ACPI: Early table checksum verification disabled
[    0.000000] ACPI: RSDP 0x00000000000E0000 000024 (v02 VBOX  )
[    0.000000] ACPI: XSDT 0x000000003FFF0030 00003C (v01 VBOX   VBOXXSDT 00000001 ASL  00000061)
[    0.000000] ACPI: FACP 0x000000003FFF00F0 0000F4 (v04 VBOX   VBOXFACP 00000001 ASL  00000061)
[    0.000000] ACPI: DSDT 0x000000003FFF0470 0022EA (v02 VBOX   VBOXBIOS 00000002 INTL 20100528)
[    0.000000] ACPI: FACS 0x000000003FFF0200 000040
[    0.000000] ACPI: FACS 0x000000003FFF0200 000040
[    0.000000] ACPI: APIC 0x000000003FFF0240 00005C (v02 VBOX   VBOXAPIC 00000001 ASL  00000061)
[    0.000000] ACPI: SSDT 0x000000003FFF02A0 0001CC (v01 VBOX   VBOXCPUT 00000002 INTL 20100528)
[    0.000000] No NUMA configuration found
[    0.000000] Faking a node at [mem 0x0000000000000000-0x000000003ffeffff]
[    0.000000] NODE_DATA(0) allocated [mem 0x3ffc5000-0x3ffeffff]
[    0.000000] kvm-clock: cpu 0, msr 0:3ff44001, primary cpu clock
[    0.000000] kvm-clock: Using msrs 4b564d01 and 4b564d00
[    0.000000] kvm-clock: using sched offset of 4790919064 cycles
[    0.000000] clocksource: kvm-clock: mask: 0xffffffffffffffff max_cycles: 0x1cd42e4dffb, max_idle_ns: 881590591483 ns
[    0.000000] Zone ranges:
[    0.000000]   DMA      [mem 0x0000000000001000-0x0000000000ffffff]
[    0.000000]   DMA32    [mem 0x0000000001000000-0x000000003ffeffff]
[    0.000000]   Normal   empty
[    0.000000]   Device   empty
[    0.000000] Movable zone start for each node
[    0.000000] Early memory node ranges
[    0.000000]   node   0: [mem 0x0000000000001000-0x000000000009efff]
[    0.000000]   node   0: [mem 0x0000000000100000-0x000000003ffeffff]
[    0.000000] Reserved but unavailable: 114 pages
[    0.000000] Initmem setup node 0 [mem 0x0000000000001000-0x000000003ffeffff]
[    0.000000] ACPI: PM-Timer IO Port: 0x4008
[    0.000000] IOAPIC[0]: apic_id 2, version 32, address 0xfec00000, GSI 0-23
[    0.000000] ACPI: INT_SRC_OVR (bus 0 bus_irq 0 global_irq 2 dfl dfl)
[    0.000000] ACPI: INT_SRC_OVR (bus 0 bus_irq 9 global_irq 9 low level)
[    0.000000] Using ACPI (MADT) for SMP configuration information
[    0.000000] smpboot: Allowing 2 CPUs, 0 hotplug CPUs
[    0.000000] PM: Registered nosave memory: [mem 0x00000000-0x00000fff]
[    0.000000] PM: Registered nosave memory: [mem 0x0009f000-0x0009ffff]
[    0.000000] PM: Registered nosave memory: [mem 0x000a0000-0x000effff]
[    0.000000] PM: Registered nosave memory: [mem 0x000f0000-0x000fffff]
[    0.000000] e820: [mem 0x40000000-0xfebfffff] available for PCI devices
[    0.000000] Booting paravirtualized kernel on KVM
[    0.000000] clocksource: refined-jiffies: mask: 0xffffffff max_cycles: 0xffffffff, max_idle_ns: 7645519600211568 ns
[    0.000000] random: get_random_bytes called from start_kernel+0x99/0x4fd with crng_init=0
[    0.000000] setup_percpu: NR_CPUS:8192 nr_cpumask_bits:2 nr_cpu_ids:2 nr_node_ids:1
[    0.000000] percpu: Embedded 46 pages/cpu @        (ptrval) s151552 r8192 d28672 u1048576
[    0.000000] PV qspinlock hash table entries: 256 (order: 0, 4096 bytes)
[    0.000000] Built 1 zonelists, mobility grouping on.  Total pages: 257913
[    0.000000] Policy zone: DMA32
[    0.000000] Kernel command line: BOOT_IMAGE=/boot/vmlinuz-4.15.0-48-generic root=LABEL=cloudimg-rootfs ro console=tty1 console=ttyS0
[    0.000000] Memory: 983608K/1048120K available (12300K kernel code, 2473K rwdata, 4276K rodata, 2408K init, 2416K bss, 64512K reserved, 0K cma-reserved)
[    0.000000] SLUB: HWalign=64, Order=0-3, MinObjects=0, CPUs=2, Nodes=1
[    0.000000] Kernel/User page tables isolation: enabled
[    0.000000] ftrace: allocating 39226 entries in 154 pages
[    0.004000] Hierarchical RCU implementation.
[    0.004000] 	RCU restricting CPUs from NR_CPUS=8192 to nr_cpu_ids=2.
[    0.004000] 	Tasks RCU enabled.
[    0.004000] RCU: Adjusting geometry for rcu_fanout_leaf=16, nr_cpu_ids=2
[    0.004000] NR_IRQS: 524544, nr_irqs: 440, preallocated irqs: 16
[    0.004000] Console: colour VGA+ 80x25
[    0.004000] console [tty1] enabled
[    0.004000] console [ttyS0] enabled
[    0.004000] ACPI: Core revision 20170831
[    0.004000] ACPI: 2 ACPI AML tables successfully acquired and loaded
[    0.004000] APIC: Switch to symmetric I/O mode setup
[    0.004000] x2apic enabled
[    0.004009] Switched APIC routing to physical x2apic.
[    0.008000] ..TIMER: vector=0x30 apic1=0 pin1=2 apic2=-1 pin2=-1
[    0.008003] tsc: Detected 2394.458 MHz processor
[    0.009495] Calibrating delay loop (skipped) preset value.. 4788.91 BogoMIPS (lpj=9577832)
[    0.010642] pid_max: default: 32768 minimum: 301
[    0.012068] Security Framework initialized
[    0.013436] Yama: becoming mindful.
[    0.014667] AppArmor: AppArmor initialized
[    0.020090] Dentry cache hash table entries: 131072 (order: 8, 1048576 bytes)
[    0.024123] Inode-cache hash table entries: 65536 (order: 7, 524288 bytes)
[    0.026232] Mount-cache hash table entries: 2048 (order: 2, 16384 bytes)
[    0.028010] Mountpoint-cache hash table entries: 2048 (order: 2, 16384 bytes)
[    0.032368] mce: CPU supports 0 MCE banks
[    0.033730] Last level iTLB entries: 4KB 64, 2MB 8, 4MB 8
[    0.035432] Last level dTLB entries: 4KB 64, 2MB 0, 4MB 0, 1GB 4
[    0.036004] Spectre V2 : Mitigation: Full generic retpoline
[    0.037752] Spectre V2 : Spectre v2 / SpectreRSB mitigation: Filling RSB on context switch
[    0.040003] Speculative Store Bypass: Vulnerable
[    0.041831] Freeing SMP alternatives memory: 36K
[    0.048000] smpboot: CPU0: Intel(R) Core(TM) i7-5500U CPU @ 2.40GHz (family: 0x6, model: 0x3d, stepping: 0x4)
[    0.048000] Performance Events: unsupported p6 CPU model 61 no PMU driver, software events only.
[    0.048048] Hierarchical SRCU implementation.
[    0.052788] NMI watchdog: Perf event create on CPU 0 failed with -2
[    0.054833] NMI watchdog: Perf NMI watchdog permanently disabled
[    0.056075] smp: Bringing up secondary CPUs ...
[    0.057758] x86: Booting SMP configuration:
[    0.059150] .... node  #0, CPUs:      #1
[    0.004000] kvm-clock: cpu 1, msr 0:3ff44041, secondary cpu clock
[    0.004000] mce: CPU supports 0 MCE banks
[    0.066965] smp: Brought up 1 node, 2 CPUs
[    0.068006] smpboot: Max logical packages: 1
[    0.069423] smpboot: Total of 2 processors activated (9577.83 BogoMIPS)
[    0.072174] devtmpfs: initialized
[    0.073325] x86/mm: Memory block size: 128MB
[    0.075260] evm: security.selinux
[    0.076005] evm: security.SMACK64
[    0.077255] evm: security.SMACK64EXEC
[    0.078554] evm: security.SMACK64TRANSMUTE
[    0.080003] evm: security.SMACK64MMAP
[    0.081358] evm: security.apparmor
[    0.084003] evm: security.ima
[    0.085083] evm: security.capability
[    0.086369] clocksource: jiffies: mask: 0xffffffff max_cycles: 0xffffffff, max_idle_ns: 7645041785100000 ns
[    0.088012] futex hash table entries: 512 (order: 3, 32768 bytes)
[    0.092086] pinctrl core: initialized pinctrl subsystem
[    0.096239] RTC time: 14:05:16, date: 05/06/19
[    0.100274] NET: Registered protocol family 16
[    0.102146] audit: initializing netlink subsys (disabled)
[    0.104049] audit: type=2000 audit(1557151522.513:1): state=initialized audit_enabled=0 res=1
[    0.108016] cpuidle: using governor ladder
[    0.109452] cpuidle: using governor menu
[    0.112119] ACPI: bus type PCI registered
[    0.113497] acpiphp: ACPI Hot Plug PCI Controller Driver version: 0.5
[    0.115695] PCI: Using configuration type 1 for base access
[    0.121290] HugeTLB registered 2.00 MiB page size, pre-allocated 0 pages
[    0.124194] ACPI: Added _OSI(Module Device)
[    0.125621] ACPI: Added _OSI(Processor Device)
[    0.127122] ACPI: Added _OSI(3.0 _SCP Extensions)
[    0.128021] ACPI: Added _OSI(Processor Aggregator Device)
[    0.129798] ACPI: Added _OSI(Linux-Dell-Video)
[    0.132010] ACPI: Added _OSI(Linux-Lenovo-NV-HDMI-Audio)
[    0.133715] ACPI: Added _OSI(Linux-HPI-Hybrid-Graphics)
[    0.136523] ACPI: Executed 1 blocks of module-level executable AML code
[    0.154122] ACPI: Interpreter enabled
[    0.155415] ACPI: (supports S0 S5)
[    0.156004] ACPI: Using IOAPIC for interrupt routing
[    0.158492] PCI: Using host bridge windows from ACPI; if necessary, use "pci=nocrs" and report a bug
[    0.160444] ACPI: Enabled 2 GPEs in block 00 to 07
[    0.184216] ACPI: PCI Root Bridge [PCI0] (domain 0000 [bus 00-ff])
[    0.186129] acpi PNP0A03:00: _OSC: OS supports [ASPM ClockPM Segments MSI]
[    0.189423] acpi PNP0A03:00: _OSC: not requesting OS control; OS requires [ExtendedConfig ASPM ClockPM MSI]
[    0.192029] acpi PNP0A03:00: fail to add MMCONFIG information, can't access extended PCI configuration space under this bridge.
[    0.196795] PCI host bridge to bus 0000:00
[    0.198211] pci_bus 0000:00: root bus resource [io  0x0000-0x0cf7 window]
[    0.200007] pci_bus 0000:00: root bus resource [io  0x0d00-0xffff window]
[    0.204006] pci_bus 0000:00: root bus resource [mem 0x000a0000-0x000bffff window]
[    0.206485] pci_bus 0000:00: root bus resource [mem 0x40000000-0xfdffffff window]
[    0.208006] pci_bus 0000:00: root bus resource [bus 00-ff]
[    0.214374] pci 0000:00:01.1: legacy IDE quirk: reg 0x10: [io  0x01f0-0x01f7]
[    0.216004] pci 0000:00:01.1: legacy IDE quirk: reg 0x14: [io  0x03f6]
[    0.218069] pci 0000:00:01.1: legacy IDE quirk: reg 0x18: [io  0x0170-0x0177]
[    0.220004] pci 0000:00:01.1: legacy IDE quirk: reg 0x1c: [io  0x0376]
[    0.248628] pci 0000:00:07.0: quirk: [io  0x4000-0x403f] claimed by PIIX4 ACPI
[    0.251241] pci 0000:00:07.0: quirk: [io  0x4100-0x410f] claimed by PIIX4 SMB
[    0.265238] ACPI: PCI Interrupt Link [LNKA] (IRQs 5 9 10 *11)
[    0.268136] ACPI: PCI Interrupt Link [LNKB] (IRQs 5 9 *10 11)
[    0.270283] ACPI: PCI Interrupt Link [LNKC] (IRQs 5 *9 10 11)
[    0.272305] ACPI: PCI Interrupt Link [LNKD] (IRQs 5 9 10 *11)
[    0.274836] SCSI subsystem initialized
[    0.276066] pci 0000:00:02.0: vgaarb: setting as boot VGA device
[    0.277920] pci 0000:00:02.0: vgaarb: VGA device added: decodes=io+mem,owns=io+mem,locks=none
[    0.280006] pci 0000:00:02.0: vgaarb: bridge control possible
[    0.282074] vgaarb: loaded
[    0.284041] ACPI: bus type USB registered
[    0.285456] usbcore: registered new interface driver usbfs
[    0.287343] usbcore: registered new interface driver hub
[    0.288039] usbcore: registered new device driver usb
[    0.290119] EDAC MC: Ver: 3.0.0
[    0.292351] PCI: Using ACPI for IRQ routing
[    0.293918] NetLabel: Initializing
[    0.296003] NetLabel:  domain hash size = 128
[    0.297461] NetLabel:  protocols = UNLABELED CIPSOv4 CALIPSO
[    0.300030] NetLabel:  unlabeled traffic allowed by default
[    0.301852] clocksource: Switched to clocksource kvm-clock
[    0.381144] VFS: Disk quotas dquot_6.6.0
[    0.383269] VFS: Dquot-cache hash table entries: 512 (order 0, 4096 bytes)
[    0.386539] AppArmor: AppArmor Filesystem Enabled
[    0.388703] pnp: PnP ACPI init
[    0.393122] pnp: PnP ACPI: found 3 devices
[    0.405085] clocksource: acpi_pm: mask: 0xffffff max_cycles: 0xffffff, max_idle_ns: 2085701024 ns
[    0.409163] NET: Registered protocol family 2
[    0.423550] TCP established hash table entries: 8192 (order: 4, 65536 bytes)
[    0.426698] TCP bind hash table entries: 8192 (order: 5, 131072 bytes)
[    0.429422] TCP: Hash tables configured (established 8192 bind 8192)
[    0.432271] UDP hash table entries: 512 (order: 2, 16384 bytes)
[    0.435098] UDP-Lite hash table entries: 512 (order: 2, 16384 bytes)
[    0.438075] NET: Registered protocol family 1
[    0.440151] pci 0000:00:00.0: Limiting direct PCI/PCI transfers
[    0.442930] pci 0000:00:01.0: Activating ISA DMA hang workarounds
[    0.445789] pci 0000:00:02.0: Video device with shadowed ROM at [mem 0x000c0000-0x000dffff]
[    0.449966] Unpacking initramfs...
[    1.317796] Freeing initrd memory: 18976K
[    1.319480] platform rtc_cmos: registered platform RTC device (no PNP device found)
[    1.322279] Scanning for low memory corruption every 60 seconds
[    1.325407] Initialise system trusted keyrings
[    1.326886] Key type blacklist registered
[    1.328388] workingset: timestamp_bits=36 max_order=18 bucket_order=0
[    1.333574] zbud: loaded
[    1.335733] squashfs: version 4.0 (2009/01/31) Phillip Lougher
[    1.338145] fuse init (API version 7.26)
[    1.345621] Key type asymmetric registered
[    1.346989] Asymmetric key parser 'x509' registered
[    1.348639] Block layer SCSI generic (bsg) driver version 0.4 loaded (major 246)
[    1.351166] io scheduler noop registered
[    1.352486] io scheduler deadline registered
[    1.354017] io scheduler cfq registered (default)
[    1.356022] ACPI: AC Adapter [AC] (on-line)
[    1.357588] input: Power Button as /devices/LNXSYSTM:00/LNXPWRBN:00/input/input0
[    1.360110] ACPI: Power Button [PWRF]
[    1.361492] input: Sleep Button as /devices/LNXSYSTM:00/LNXSLPBN:00/input/input1
[    1.363940] ACPI: Sleep Button [SLPF]
[    1.367837] ACPI: Battery Slot [BAT0] (battery present)
[    1.369724] Serial: 8250/16550 driver, 32 ports, IRQ sharing enabled
 	
 !"#$%&'()*+,-./0123456789:;<=>?@ABCDEFGHIJKLMNOPQRSTUVWXYZ[\]^_`abcdefghijklmnopqrstuvwxyz{|}~€‚ƒ„…†‡ˆ‰Š‹ŒŽ‘’“”•–—˜™š›œžŸ ¡¢£¤¥¦§¨©ª«¬­®¯°±²³´µ¶·¸¹º»¼½¾¿ÀÁÂÃÄÅÆÇÈÉÊËÌÍÎÏÐÑÒÓÔÕÖ×ØÙÚÛÜÝÞßàáâãäåæçèéêëìíîïðñòóôõö÷øùúûüýþÿ[    1.394831] 00:02: ttyS0 at I/O 0x3f8 (irq = 4, base_baud = 115200) is a 16550A
[    1.401945] Linux agpgart interface v0.103
[    1.405379] loop: module loaded
[    1.407665] scsi host0: ata_piix
[    1.409227] scsi host1: ata_piix
[    1.410461] ata1: PATA max UDMA/33 cmd 0x1f0 ctl 0x3f6 bmdma 0xd000 irq 14
[    1.412580] ata2: PATA max UDMA/33 cmd 0x170 ctl 0x376 bmdma 0xd008 irq 15
[    1.414952] libphy: Fixed MDIO Bus: probed
[    1.416624] tun: Universal TUN/TAP device driver, 1.6
[    1.418547] PPP generic driver version 2.4.2
[    1.420130] ehci_hcd: USB 2.0 'Enhanced' Host Controller (EHCI) Driver
[    1.422143] ehci-pci: EHCI PCI platform driver
[    1.423623] ehci-platform: EHCI generic platform driver
[    1.425368] ohci_hcd: USB 1.1 'Open' Host Controller (OHCI) Driver
[    1.427313] ohci-pci: OHCI PCI platform driver
[    1.429064] ohci-platform: OHCI generic platform driver
[    1.430776] uhci_hcd: USB Universal Host Controller Interface driver
[    1.432950] i8042: PNP: PS/2 Controller [PNP0303:PS2K,PNP0f03:PS2M] at 0x60,0x64 irq 1,12
[    1.436660] serio: i8042 KBD port at 0x60,0x64 irq 1
[    1.438426] serio: i8042 AUX port at 0x60,0x64 irq 12
[    1.440462] mousedev: PS/2 mouse device common for all mice
[    1.443032] input: AT Translated Set 2 keyboard as /devices/platform/i8042/serio0/input/input2
[    1.444585] rtc_cmos rtc_cmos: rtc core: registered rtc_cmos as rtc0
[    1.444754] rtc_cmos rtc_cmos: alarms up to one day, 114 bytes nvram
[    1.444769] i2c /dev entries driver
[    1.444778] pcie_mp2_amd: AMD(R) PCI-E MP2 Communication Driver Version: 1.0
[    1.444961] device-mapper: uevent: version 1.0.3
[    1.445110] device-mapper: ioctl: 4.37.0-ioctl (2017-09-20) initialised: dm-devel@redhat.com
[    1.458840] ledtrig-cpu: registered to indicate activity on CPUs
[    1.461698] NET: Registered protocol family 10
[    1.470006] Segment Routing with IPv6
[    1.471329] NET: Registered protocol family 17
[    1.473045] Key type dns_resolver registered
[    1.474908] RAS: Correctable Errors collector initialized.
[    1.476909] sched_clock: Marking stable (1476879452, 0)->(1982485833, -505606381)
[    1.480332] registered taskstats version 1
[    1.482283] Loading compiled-in X.509 certificates
[    1.488891] Loaded X.509 cert 'Build time autogenerated kernel key: e7056c016f846647db0f624c10ce588fee742707'
[    1.493402] zswap: loaded using pool lzo/zbud
[    1.500659] Key type big_key registered
[    1.502140] Key type trusted registered
[    1.506445] Key type encrypted registered
[    1.507852] AppArmor: AppArmor sha1 policy hashing enabled
[    1.509892] ima: No TPM chip found, activating TPM-bypass! (rc=-19)
[    1.511949] ima: Allocated hash algorithm: sha1
[    1.514390] evm: HMAC attrs: 0x1
[    1.516513]   Magic number: 3:441:80
[    1.519619] rtc_cmos rtc_cmos: setting system clock to 2019-05-06 14:05:17 UTC (1557151517)
[    1.523984] BIOS EDD facility v0.16 2004-Jun-25, 0 devices found
[    1.526708] EDD information not available.
[    1.585046] Freeing unused kernel image memory: 2408K
[    1.604629] Write protecting the kernel read-only data: 20480k
[    1.607961] Freeing unused kernel image memory: 2008K
[    1.610189] Freeing unused kernel image memory: 1868K
[    1.649703] x86/mm: Checked W+X mappings: passed, no W+X pages found.
[    1.651765] x86/mm: Checking user space page tables
[    1.689997] x86/mm: Checked W+X mappings: passed, no W+X pages found.
Loading, please wait...
starting version 237
[    1.855275] Fusion MPT base driver 3.04.20
[    1.857289] Copyright (c) 1999-2008 LSI Corporation
[    1.868693] e1000: Intel(R) PRO/1000 Network Driver - version 7.3.21-k8-NAPI
[    1.871843] e1000: Copyright (c) 1999-2006 Intel Corporation.
[    1.909505] Fusion MPT SPI Host driver 3.04.20
[    1.914117] AVX2 version of gcm_enc/dec engaged.
[    1.915623] AES CTR mode by8 optimization enabled
[    2.108548] input: ImExPS/2 Generic Explorer Mouse as /devices/platform/i8042/serio1/input/input4
[    2.332305] tsc: Refined TSC clocksource calibration: 2394.391 MHz
[    2.334760] clocksource: tsc: mask: 0xffffffffffffffff max_cycles: 0x228384d99d4, max_idle_ns: 440795204673 ns
[    2.388159] e1000 0000:00:03.0 eth0: (PCI:33MHz:32-bit) 02:ff:cd:56:66:68
[    2.390312] e1000 0000:00:03.0 eth0: Intel(R) PRO/1000 Network Connection
[    2.395067] mptbase: ioc0: Initiating bringup
[    2.396105] e1000 0000:00:03.0 enp0s3: renamed from eth0
[    2.501486] ioc0: LSI53C1030 A0: Capabilities={Initiator}
[    2.748414] scsi host2: ioc0: LSI53C1030 A0, FwRev=00000000h, Ports=1, MaxQ=256, IRQ=20
[    2.918018] scsi 2:0:0:0: Direct-Access     VBOX     HARDDISK         1.0  PQ: 0 ANSI: 5
[    2.964691] scsi target2:0:0: Beginning Domain Validation
[    2.980707] scsi target2:0:0: Domain Validation skipping write tests
[    2.988296] scsi target2:0:0: Ending Domain Validation
[    2.993853] scsi target2:0:0: asynchronous
[    2.999197] scsi 2:0:1:0: Direct-Access     VBOX     HARDDISK         1.0  PQ: 0 ANSI: 5
[    3.036849] scsi target2:0:1: Beginning Domain Validation
[    3.044906] random: fast init done
[    3.049672] scsi target2:0:1: Domain Validation skipping write tests
[    3.054384] scsi target2:0:1: Ending Domain Validation
[    3.058475] scsi target2:0:1: asynchronous
[    3.077158] random: systemd-udevd: uninitialized urandom read (16 bytes read)
[    3.077561] sd 2:0:0:0: Attached scsi generic sg0 type 0
[    3.078355] sd 2:0:1:0: Attached scsi generic sg1 type 0
[    3.086222] random: systemd-udevd: uninitialized urandom read (16 bytes read)
[    3.089216] random: systemd-udevd: uninitialized urandom read (16 bytes read)
[    3.092613] sd 2:0:1:0: [sdb] 20480 512-byte logical blocks: (10.5 MB/10.0 MiB)
[    3.093342] sd 2:0:0:0: [sda] 20971520 512-byte logical blocks: (10.7 GB/10.0 GiB)
[    3.093451] sd 2:0:0:0: [sda] Write Protect is off
[    3.093665] sd 2:0:0:0: [sda] Incomplete mode parameter data
[    3.093669] sd 2:0:0:0: [sda] Assuming drive cache: write through
[    3.107456] sd 2:0:1:0: [sdb] Write Protect is off
[    3.108303]  sda: sda1
[    3.110008] sd 2:0:0:0: [sda] Attached SCSI disk
[    3.115556] sd 2:0:1:0: [sdb] Incomplete mode parameter data
[    3.117594] sd 2:0:1:0: [sdb] Assuming drive cache: write through
[    3.123549] sd 2:0:1:0: [sdb] Attached SCSI disk
Begin: Loading essential drivers ... [    5.392284] raid6: sse2x1   gen()  2514 MB/s
[    5.440031] raid6: sse2x1   xor()  1613 MB/s
[    5.488406] raid6: sse2x2   gen()  5756 MB/s
[    5.536723] raid6: sse2x2   xor()  2665 MB/s
[    5.584079] raid6: sse2x4   gen()  6097 MB/s
[    5.632026] raid6: sse2x4   xor()  3583 MB/s
[    5.680058] raid6: avx2x1   gen()  5004 MB/s
[    5.728032] raid6: avx2x1   xor()  2761 MB/s
[    5.776421] raid6: avx2x2   gen()  9503 MB/s
[    5.824736] raid6: avx2x2   xor()  5318 MB/s
[    5.872100] raid6: avx2x4   gen() 12576 MB/s
[    5.920407] raid6: avx2x4   xor()  7256 MB/s
[    5.921920] raid6: using algorithm avx2x4 gen() 12576 MB/s
[    5.923824] raid6: .... xor() 7256 MB/s, rmw enabled
[    5.925760] raid6: using avx2x2 recovery algorithm
[    5.930058] xor: automatically using best checksumming function   avx       
[    5.935663] async_tx: api initialized (async)
done.
Begin: Running /scripts/init-premount ... done.
Begin: Mounting root file system ... Begin: Running /scripts/local-top ... done.
Begin: Running /scripts/local-premount ... [    6.058432] Btrfs loaded, crc32c=crc32c-intel
Scanning for Btrfs filesystems
done.
Warning: fsck not present, so skipping root file system
[    6.108155] EXT4-fs (sda1): mounted filesystem with ordered data mode. Opts: (null)
done.
Begin: Running /scripts/local-bottom ... done.
Begin: Running /scripts/init-bottom ... done.
[    6.352621] ip_tables: (C) 2000-2006 Netfilter Core Team
[    6.368443] systemd[1]: systemd 237 running in system mode. (+PAM +AUDIT +SELINUX +IMA +APPARMOR +SMACK +SYSVINIT +UTMP +LIBCRYPTSETUP +GCRYPT +GNUTLS +ACL +XZ +LZ4 +SECCOMP +BLKID +ELFUTILS +KMOD -IDN2 +IDN -PCRE2 default-hierarchy=hybrid)
[    6.375409] systemd[1]: Detected virtualization oracle.
[    6.377143] systemd[1]: Detected architecture x86-64.

Welcome to [1mUbuntu 18.04.2 LTS[0m!

[    6.386614] systemd[1]: Set hostname to <ubuntu>.
[    6.393245] systemd[1]: Initializing machine ID from random generator.
[    6.395683] systemd[1]: Installed transient /etc/machine-id file.
[    6.742559] systemd[1]: Reached target User and Group Name Lookups.
[[0;32m  OK  [0m] Reached target User and Group Name Lookups.
[    6.745848] systemd[1]: Reached target System Time Synchronized.
[[0;32m  OK  [0m] Reached target System Time Synchronized.
[    6.751555] systemd[1]: Created slice System Slice.
[[0;32m  OK  [0m] Created slice System Slice.
[    6.754445] systemd[1]: Listening on Journal Socket.
[[0;32m  OK  [0m] Listening on Journal Socket.
[[0;32m  OK  [0m] Created slice system-serial\x2dgetty.slice.
         Starting Remount Root and Kernel File Systems...
         Mounting Kernel Debug File System...
[[0;32m  OK  [0m] Listening on /dev/initctl Compatibility Named Pipe.
[[0;32m  OK  [0m] Listening on udev Kernel Socket.
[[0;32m  OK  [0m] Reached target Swap.
         Starting Load Kernel Modules...
[[0;32m  OK  [0m] Listening on Journal Audit Socket.
[[0;32m  OK  [0m] Listening on Journal Socket (/dev/log).
[[0;32m  OK  [0m] Listening on LVM2 metadata daemon socket.
         Mounting Huge Pages File System...
         Mounting POSIX Message Queue File System...
         Starting Uncomplicated firewall...
         Starting Create list of required[    6.818253] EXT4-fs (sda1): re-mounted. Opts: (null)
 stâ€¦ce nodes for the current kernel...
         Starting Set the console keyboard layout...
[[0;32m  OK  [0m] Listening on Device-mapper event daemon FIFOs.
[    6.831558] Loading iSCSI transport class v2.0-870.
         Starting Monitoring of LVM2 mirrorsâ€¦ng dmeventd or progress polling...
[[0;32m  OK  [0m] Listening on udev Control Socket.
         Starting udev Coldplug all Devices...
[[0;32m  OK  [0m] Set up automount Arbitrary Executabâ€¦rmats File System Automount Point.
[    6.859065] iscsi: registered transport (tcp)
[[0;32m  OK  [0m] Listening on Network Service Netlink Socket.
[[0;32m  OK  [0m] Created slice User and Session Slice.
[[0;32m  OK  [0m] Reached target Slices.
[[0;32m  OK  [0m] Listening on LVM2 poll daemon socket.
[[0;32m  OK  [0m] Started Forward Password Requests to Wall Directory Watch.
[[0;32m  OK  [0m] Listening on Syslog Socket.
         Starting Journal Service...
[[0;32m  OK  [0m] Started Remount Root and Kernel File Systems.
[[0;32m  OK  [0m] Mounted Kernel Debug File System.
[[0;32m  OK  [0m] Mounted Huge Pages File System.
[[0;32m  OK  [0m] Mounted POSIX Message Queue File System.
[[0;32m  OK  [0m] Started Uncomplicated firewall.
[[0;32m  OK  [0m] Started Create list of required staâ€¦vice nodes for the current kernel.
         Starting Create Static Device Nodes in /dev...
         Starting Load/Save Random Seed...
[[0;32m  OK  [0m] Started Create Static Device Nodes in /dev.
         Starting udev Kernel Device Manager...
[[0;32m  OK  [0m] Started Journal Service.
         Starting Flush Journal to Persistent Storage...
[    7.018505] iscsi: registered transport (iser)
[[0;32m  OK  [0m] Started Load Kernel Modules.
         Starting Apply Kernel Variables...
         Mounting FUSE Control File System...
         Mounting Kernel Configuration File System...
[[0;32m  OK  [0m] Mounted Kernel Configuration File System.
[[0;32m  OK  [0m] Mounted FUSE Control File System.
[[0;32m  OK  [0m] Started udev Coldplug all Devices.
[[0;32m  OK  [0m] Started LVM2 metadata daemon.
[    7.122417] systemd-journald[401]: Received request to flush runtime journal from PID 1
[[0;32m  OK  [0m] Started Load/Save Random Seed.
[[0;32m  OK  [0m] Started udev Kernel Device Manager.
[[0;32m  OK  [0m] Started Apply Kernel Variables.
[[0;32m  OK  [0m] Started Flush Journal to Persistent Storage.
[[0;32m  OK  [0m] Started Monitoring of LVM2 mirrors,â€¦sing dmeventd or progress polling.
[[0;32m  OK  [0m] Found device /dev/ttyS0.
[[0;32m  OK  [0m] Listening on Load/Save RF Kill Switch Status /dev/rfkill Watch.
[[0;32m  OK  [0m] Started Set the console keyboard layout.
[[0;32m  OK  [0m] Started Dispatch Password Requests to Console Directory Watch.
[[0;32m  OK  [0m] Reached target Local Encrypted Volumes.
[[0;32m  OK  [0m] Reached target Local File Systems (Pre).
[[0;32m  OK  [0m] Reached target Local File Systems.
         Starting ebtables ruleset management...
         Starting AppArmor initialization...
         Starting Commit a transient machine-id on disk...
         Starting Tell Plymouth To Write Out Runtime Data...
         Starting Set console font and keymap...
         Starting Create Volatile Files and Directories...
[[0;32m  OK  [0m] Started Set console font and keymap.
[[0;32m  OK  [0m] Started Tell Plymouth To Write Out Runtime Data.
[[0;32m  OK  [0m] Started Create Volatile Files and Directories.
[[0;32m  OK  [0m] Started Commit a transient machine-id on disk.
         Starting Update UTMP about System Boot/Shutdown...
[[0;32m  OK  [0m] Started Update UTMP about System Boot/Shutdown.
[[0;32m  OK  [0m] Started ebtables ruleset management.
[[0;32m  OK  [0m] Started AppArmor initialization.
         Starting Initial cloud-init job (pre-networking)...
[   13.791235] cloud-init[601]: Cloud-init v. 18.5-45-g3554ffe8-0ubuntu1~18.04.1 running 'init-local' at Mon, 06 May 2019 14:05:29 +0000. Up 13.02 seconds.
[[0;32m  OK  [0m] Started Initial cloud-init job (pre-networking).
[[0;32m  OK  [0m] Reached target Network (Pre).
         Starting Network Service...
[[0;32m  OK  [0m] Started Network Service.
         Starting Wait for Network to be Configured...
         Starting Network Name Resolution...
[[0;32m  OK  [0m] Started Network Name Resolution.
[[0;32m  OK  [0m] Reached target Network.
[[0;32m  OK  [0m] Reached target Host and Network Name Lookups.
[[0;32m  OK  [0m] Started Wait for Network to be Configured.
         Starting Initial cloud-init job (metadata service crawler)...
[   16.661835] cloud-init[709]: Cloud-init v. 18.5-45-g3554ffe8-0ubuntu1~18.04.1 running 'init' at Mon, 06 May 2019 14:05:32 +0000. Up 16.32 seconds.
[   16.664862] cloud-init[709]: ci-info: ++++++++++++++++++++++++++++++++++++++Net device info++++++++++++++++++++++++++++++++++++++
[   16.667371] cloud-init[709]: ci-info: +--------+------+----------------------------+---------------+--------+-------------------+
[   16.670017] cloud-init[709]: ci-info: | Device |  Up  |          Address           |      Mask     | Scope  |     Hw-Address    |
[   16.672823] cloud-init[709]: ci-info: +--------+------+----------------------------+---------------+--------+-------------------+
[   16.675371] cloud-init[709]: ci-info: | enp0s3 | True |         10.0.2.15          | 255.255.255.0 | global | 02:ff:cd:56:66:68 |
[   16.677990] cloud-init[709]: ci-info: | enp0s3 | True | fe80::ff:cdff:fe56:6668/64 |       .       |  link  | 02:ff:cd:56:66:68 |
[   16.680943] cloud-init[709]: ci-info: |   lo   | True |         127.0.0.1          |   255.0.0.0   |  host  |         .         |
[   16.683807] cloud-init[709]: ci-info: |   lo   | True |          ::1/128           |       .       |  host  |         .         |
[   16.686182] cloud-init[709]: ci-info: +--------+------+----------------------------+---------------+--------+-------------------+
[   16.688960] cloud-init[709]: ci-info: ++++++++++++++++++++++++++++Route IPv4 info+++++++++++++++++++++++++++++
[   16.691173] cloud-init[709]: ci-info: +-------+-------------+----------+-----------------+-----------+-------+
[   16.693425] cloud-init[709]: ci-info: | Route | Destination | Gateway  |     Genmask     | Interface | Flags |
[   16.695684] cloud-init[709]: ci-info: +-------+-------------+----------+-----------------+-----------+-------+
[   16.698141] cloud-init[709]: ci-info: |   0   |   0.0.0.0   | 10.0.2.2 |     0.0.0.0     |   enp0s3  |   UG  |
[   16.700490] cloud-init[709]: ci-info: |   1   |   10.0.2.0  | 0.0.0.0  |  255.255.255.0  |   enp0s3  |   U   |
[   16.702727] cloud-init[709]: ci-info: |   2   |   10.0.2.2  | 0.0.0.0  | 255.255.255.255 |   enp0s3  |   UH  |
[   16.705121] cloud-init[709]: ci-info: +-------+-------------+----------+-----------------+-----------+-------+
[   16.707430] cloud-init[709]: ci-info: +++++++++++++++++++Route IPv6 info+++++++++++++++++++
[   16.709305] cloud-init[709]: ci-info: +-------+-------------+---------+-----------+-------+
[   16.711102] cloud-init[709]: ci-info: | Route | Destination | Gateway | Interface | Flags |
[   16.713312] cloud-init[709]: ci-info: +-------+-------------+---------+-----------+-------+
[   16.715332] cloud-init[709]: ci-info: |   1   |  fe80::/64  |    ::   |   enp0s3  |   U   |
[   16.717478] cloud-init[709]: ci-info: |   3   |    local    |    ::   |   enp0s3  |   U   |
[   16.719277] cloud-init[709]: ci-info: |   4   |   ff00::/8  |    ::   |   enp0s3  |   U   |
[   16.721302] cloud-init[709]: ci-info: +-------+-------------+---------+-----------+-------+
[   17.727120] cloud-init[709]: Generating public/private rsa key pair.
[   17.728583] cloud-init[709]: Your identification has been saved in /etc/ssh/ssh_host_rsa_key.
[   17.740309] cloud-init[709]: Your public key has been saved in /etc/ssh/ssh_host_rsa_key.pub.
[   17.741846] cloud-init[709]: The key fingerprint is:
[   17.743018] cloud-init[709]: SHA256:DUNq4nRvu1xPUsZNrl4M+fWwVMIuorU+3w3yW+dgFbY root@ubuntu-bionic
[   17.756610] cloud-init[709]: The key's randomart image is:
[   17.757680] cloud-init[709]: +---[RSA 2048]----+
[   17.758615] cloud-init[709]: |        .        |
[   17.759876] cloud-init[709]: |       o     .   |
[   17.760845] cloud-init[709]: |    o + o     +o.|
[   17.761742] cloud-init[709]: |   o + . + . *.oo|
[   17.762669] cloud-init[709]: |    .   S + B *Eo|
[   17.763552] cloud-init[709]: |       . + = B =.|
[   17.764425] cloud-init[709]: |        o + + O +|
[   17.765420] cloud-init[709]: |       . +.= * *.|
[   17.766271] cloud-init[709]: |        o .o+ +.o|
[   17.767134] cloud-init[709]: +----[SHA256]-----+
[   17.768036] cloud-init[709]: Generating public/private dsa key pair.
[   17.769408] cloud-init[709]: Your identification has been saved in /etc/ssh/ssh_host_dsa_key.
[   17.771131] cloud-init[709]: Your public key has been saved in /etc/ssh/ssh_host_dsa_key.pub.
[   17.772793] cloud-init[709]: The key fingerprint is:
[   17.773715] cloud-init[709]: SHA256:J/n87EcLNmGU7871p6GYFac6MWN3VZfLtb4k5WPOamY root@ubuntu-bionic
[   17.775229] cloud-init[709]: The key's randomart image is:
[   17.776253] cloud-init[709]: +---[DSA 1024]----+
[   17.777097] cloud-init[709]: |             .  .|
[   17.777954] cloud-init[709]: |            o  .+|
[   17.788307] cloud-init[709]: |           . .. *|
[   17.789183] cloud-init[709]: |         .  o .=.|
[   17.790205] cloud-init[709]: |        S ...o=. |
[   17.791264] cloud-init[709]: |         == ==+*.|
[   17.792366] cloud-init[709]: |         .o*oBBo+|
[   17.793323] cloud-init[709]: |          .B E==o|
[   17.794579] cloud-init[709]: |          +oOoo..|
[   17.795851] cloud-init[709]: +----[SHA256]-----+
[   17.797160] cloud-init[709]: Generating public/private ecdsa key pair.
[   17.798749] cloud-init[709]: Your identification has been saved in /etc/ssh/ssh_host_ecdsa_key.
[   17.800816] cloud-init[709]: Your public key has been saved in /etc/ssh/ssh_host_ecdsa_key.pub.
[   17.802720] cloud-init[709]: The key fingerprint is:
[   17.804024] cloud-init[709]: SHA256:TrkaHsblT6y6yeiBbCjCKWqH590LD/sGL09B7U6dTfM root@ubuntu-bionic
[   17.806208] cloud-init[709]: The key's randomart image is:
[   17.807593] cloud-init[709]: +---[ECDSA 256]---+
[   17.808922] cloud-init[709]: |                 |
[   17.810063] cloud-init[709]: |        .        |
[   17.811302] cloud-init[709]: |       . .   o   |
[   17.812384] cloud-init[709]: |      . ... + o  |
[   17.813511] cloud-init[709]: |       .So o . E |
[   17.814667] cloud-init[709]: |.o.. o =+o       |
[   17.815804] cloud-init[709]: |=o= .oB.+.o      |
[   17.817133] cloud-init[709]: |=+ o.BBB +       |
[   17.818320] cloud-init[709]: |o +ooo%Oo .      |
[   17.819302] cloud-init[709]: +----[SHA256]-----+
[   17.820496] cloud-init[709]: Generating public/private ed25519 key pair.
[   17.822183] cloud-init[709]: Your identification has been saved in /etc/ssh/ssh_host_ed25519_key.
[   17.824397] cloud-init[709]: Your public key has been saved in /etc/ssh/ssh_host_ed25519_key.pub.
[   17.826485] cloud-init[709]: The key fingerprint is:
[   17.827710] cloud-init[709]: SHA256:aJcrd/KJlKc0D+D+K7dMuM77/vt2g4SXeuXm9p2Qsgc root@ubuntu-bionic
[   17.829757] cloud-init[709]: The key's randomart image is:
[   17.831101] cloud-init[709]: +--[ED25519 256]--+
[   17.832382] cloud-init[709]: |                 |
[   17.833643] cloud-init[709]: |                 |
[   17.834767] cloud-init[709]: |                 |
[   17.835980] cloud-init[709]: |       . .       |
[   17.837057] cloud-init[709]: |      + S  . .   |
[   17.838227] cloud-init[709]: |     o + o.E+ o  |
[   17.839367] cloud-init[709]: |      + @ o=.*   |
[   17.840685] cloud-init[709]: |     o.O.@..*.B o|
[   17.841911] cloud-init[709]: |     .*BX+**o=.+o|
[   17.843051] cloud-init[709]: +----[SHA256]-----+
[[0;32m  OK  [0m] Started Initial cloud-init job (metadata service crawler).
[[0;32m  OK  [0m] Reached target System Initialization.
[[0;32m  OK  [0m] Started Daily apt download activities.
[[0;32m  OK  [0m] Listening on Open-iSCSI iscsid Socket.
[[0;32m  OK  [0m] Started Message of the Day.
[[0;32m  OK  [0m] Listening on UUID daemon activation socket.
[[0;32m  OK  [0m] Started Daily Cleanup of Temporary Directories.
         Starting LXD - unix socket.
[[0;32m  OK  [0m] Started Daily apt upgrade and clean activities.
         Starting Socket activation for snappy daemon.
[[0;32m  OK  [0m] Started Discard unused blocks once a week.
[[0;32m  OK  [0m] Reached target Timers.
[[0;32m  OK  [0m] Listening on ACPID Listen Socket.
[[0;32m  OK  [0m] Started ACPI Events Check.
[[0;32m  OK  [0m] Listening on D-Bus System Message Bus Socket.
[[0;32m  OK  [0m] Reached target Paths.
[[0;32m  OK  [0m] Reached target Network is Online.
         Starting Availability of block devices...
[[0;32m  OK  [0m] Reached target Remote File Systems (Pre).
[[0;32m  OK  [0m] Reached target Remote File Systems.
[[0;32m  OK  [0m] Reached target Cloud-config availability.
[[0;32m  OK  [0m] Listening on LXD - unix socket.
[[0;32m  OK  [0m] Listening on Socket activation for snappy daemon.
[[0;32m  OK  [0m] Started Availability of block devices.
[[0;32m  OK  [0m] Reached target Sockets.
[[0;32m  OK  [0m] Reached target Basic System.
[[0;32m  OK  [0m] Started Deferred execution scheduler.
         Starting System Logging Service...
         Starting Pollinate to seed the pseudo random number generator...
         Starting Dispatcher daemon for systemd-networkd...
[[0;32m  OK  [0m] Started Regular background program processing daemon.
         Starting Permit User Sessions...
[[0;32m  OK  [0m] Started irqbalance daemon.
[[0;32m  OK  [0m] Started FUSE filesystem for LXC.
         Starting Snappy daemon...
         Starting Virtualbox guest utils...
[[0;32m  OK  [0m] Started D-Bus System Message Bus.
         Starting Accounts Service...
         Starting LSB: Record successful boot for GRUB...
         Starting LSB: automatic crash report generation...
         Starting Login Service...
         Starting LXD - container startup/shutdown...
[[0;32m  OK  [0m] Started System Logging Service.
[[0;32m  OK  [0m] Started Permit User Sessions.
         Starting Hold until boot process finishes up...
         Starting Terminate Plymouth Boot Screen...
[[0;32m  OK  [0m] Started Hold until boot process finishes up.
[[0;32m  OK  [0m] Started Serial Getty on ttyS0.
         Starting Set console scheme...
[[0;32m  OK  [0m] Started Terminate Plymouth Boot Screen.
[[0;32m  OK  [0m] Started Set console scheme.
[[0;32m  OK  [0m] Started Login Service.
[[0;32m  OK  [0m] Started Unattended Upgrades Shutdown.
[[0;32m  OK  [0m] Created slice system-getty.slice.
[[0;32m  OK  [0m] Started Getty on tty1.
[[0;32m  OK  [0m] Reached target Login Prompts.
         Starting Authorization Manager...
[[0;32m  OK  [0m] Started LSB: automatic crash report generation.
[[0;32m  OK  [0m] Started LSB: Record successful boot for GRUB.
[[0;32m  OK  [0m] Started Authorization Manager.
[[0;32m  OK  [0m] Started Accounts Service.
[[0;32m  OK  [0m] Started Virtualbox guest utils.
[[0;32m  OK  [0m] Started LXD - container startup/shutdown.
[[0;32m  OK  [0m] Started Snappy daemon.
         Starting Wait until snapd is fully seeded...
[[0;32m  OK  [0m] Started Dispatcher daemon for systemd-networkd.
[[0;32m  OK  [0m] Started Pollinate to seed the pseudo random number generator.
         Starting OpenBSD Secure Shell server...
[[0;32m  OK  [0m] Started OpenBSD Secure Shell server.
[[0;32m  OK  [0m] Created slice User Slice of vagrant.
         Starting User Manager for UID 1000...
[[0;32m  OK  [0m] Started Session 1 of user vagrant.
[[0;32m  OK  [0m] Started User Manager for UID 1000.

Ubuntu 18.04.2 LTS ubuntu-bionic ttyS0

ubuntu-bionic login: [   26.014459] cloud-init[1206]: Cloud-init v. 18.5-45-g3554ffe8-0ubuntu1~18.04.1 running 'modules:config' at Mon, 06 May 2019 14:05:41 +0000. Up 25.03 seconds.
ci-info: no authorized ssh keys fingerprints found for user ubuntu.
<14>May  6 14:05:43 ec2: 
<14>May  6 14:05:43 ec2: #############################################################
<14>May  6 14:05:43 ec2: -----BEGIN SSH HOST KEY FINGERPRINTS-----
<14>May  6 14:05:43 ec2: 1024 SHA256:J/n87EcLNmGU7871p6GYFac6MWN3VZfLtb4k5WPOamY root@ubuntu-bionic (DSA)
<14>May  6 14:05:43 ec2: 256 SHA256:TrkaHsblT6y6yeiBbCjCKWqH590LD/sGL09B7U6dTfM root@ubuntu-bionic (ECDSA)
<14>May  6 14:05:43 ec2: 256 SHA256:aJcrd/KJlKc0D+D+K7dMuM77/vt2g4SXeuXm9p2Qsgc root@ubuntu-bionic (ED25519)
<14>May  6 14:05:43 ec2: 2048 SHA256:DUNq4nRvu1xPUsZNrl4M+fWwVMIuorU+3w3yW+dgFbY root@ubuntu-bionic (RSA)
<14>May  6 14:05:43 ec2: -----END SSH HOST KEY FINGERPRINTS-----
<14>May  6 14:05:43 ec2: #############################################################
-----BEGIN SSH HOST KEY KEYS-----
ecdsa-sha2-nistp256 AAAAE2VjZHNhLXNoYTItbmlzdHAyNTYAAAAIbmlzdHAyNTYAAABBBC6Ybypk0flySqdu+c/oo4LCBFDlF5iFrxxZLuU6KrK4vWbWbPbrMYis8ccVMID2GvcXQ2oZ4ziYPfy3ElyA9T8= root@ubuntu-bionic
ssh-ed25519 AAAAC3NzaC1lZDI1NTE5AAAAIFyDO8Qq4zrL6h/acxal0zTRB9063W+tSzXuJAq/SsPw root@ubuntu-bionic
ssh-rsa AAAAB3NzaC1yc2EAAAADAQABAAABAQDS71ap11l/1LCB5bQd90QA4GW1/h2jRfkyx/s/yPhv15YDwtnTy9pWt9FRgM7ZRLfw2tWYc5UDOLh8pjdviWx9pWkmvY4JUG4T+kYStqm9wQG8wdx8ncunEML0zOvABlj4o3lQBNztqZq9MZfXjy5QXP1B8QgsdxjWWzPP6F/2U5H9oH+FqNhLMM3kFAbQKJy1gjkrvH5TkYEwi1re1FBDg7IsDVAn+v9YMjsYziDQwVKt2x+d8YbU6g3nlNXQCy2COE3dr5SW6+VCTT10/se8iqohnzOTMlBlpkGJ+VmXjNpzVR2g9525Mq+juvINxzujSfA00VJx3nUe+15HLREb root@ubuntu-bionic
-----END SSH HOST KEY KEYS-----
[   27.718235] cloud-init[1361]: Cloud-init v. 18.5-45-g3554ffe8-0ubuntu1~18.04.1 running 'modules:final' at Mon, 06 May 2019 14:05:43 +0000. Up 27.36 seconds.
[   27.722948] cloud-init[1361]: ci-info: no authorized ssh keys fingerprints found for user ubuntu.
[   27.725840] cloud-init[1361]: Cloud-init v. 18.5-45-g3554ffe8-0ubuntu1~18.04.1 finished at Mon, 06 May 2019 14:05:43 +0000. Datasource DataSourceNoCloud [seed=/dev/sdb][dsmode=net].  Up 27.68 seconds
