[    0.000000] Linux version 4.15.0-48-generic (buildd@lgw01-amd64-036) (gcc version 7.3.0 (Ubuntu 7.3.0-16ubuntu3)) #51-Ubuntu SMP Wed Apr 3 08:28:49 UTC 2019 (Ubuntu 4.15.0-48.51-generic 4.15.18)
[    0.000000] Command line: BOOT_IMAGE=/boot/vmlinuz-4.15.0-48-generic root=LABEL=cloudimg-rootfs ro console=tty1 console=ttyS0
[    0.000000] KERNEL supported cpus:
[    0.000000]   Intel GenuineIntel
[    0.000000]   AMD AuthenticAMD
[    0.000000]   Centaur CentaurHauls
[    0.000000] x86/fpu: Supporting XSAVE feature 0x001: 'x87 floating point registers'
[    0.000000] x86/fpu: Supporting XSAVE feature 0x002: 'SSE registers'
[    0.000000] x86/fpu: Supporting XSAVE feature 0x004: 'AVX registers'
[    0.000000] x86/fpu: xstate_offset[2]:  576, xstate_sizes[2]:  256
[    0.000000] x86/fpu: Enabled xstate features 0x7, context size is 832 bytes, using 'standard' format.
[    0.000000] e820: BIOS-provided physical RAM map:
[    0.000000] BIOS-e820: [mem 0x0000000000000000-0x000000000009fbff] usable
[    0.000000] BIOS-e820: [mem 0x000000000009fc00-0x000000000009ffff] reserved
[    0.000000] BIOS-e820: [mem 0x00000000000f0000-0x00000000000fffff] reserved
[    0.000000] BIOS-e820: [mem 0x0000000000100000-0x000000003ffeffff] usable
[    0.000000] BIOS-e820: [mem 0x000000003fff0000-0x000000003fffffff] ACPI data
[    0.000000] BIOS-e820: [mem 0x00000000fec00000-0x00000000fec00fff] reserved
[    0.000000] BIOS-e820: [mem 0x00000000fee00000-0x00000000fee00fff] reserved
[    0.000000] BIOS-e820: [mem 0x00000000fffc0000-0x00000000ffffffff] reserved
[    0.000000] NX (Execute Disable) protection: active
[    0.000000] SMBIOS 2.5 present.
[    0.000000] DMI: innotek GmbH VirtualBox/VirtualBox, BIOS VirtualBox 12/01/2006
[    0.000000] Hypervisor detected: KVM
[    0.000000] e820: last_pfn = 0x3fff0 max_arch_pfn = 0x400000000
[    0.000000] MTRR: Disabled
[    0.000000] x86/PAT: MTRRs disabled, skipping PAT initialization too.
[    0.000000] CPU MTRRs all blank - virtualized system.
[    0.000000] x86/PAT: Configuration [0-7]: WB  WT  UC- UC  WB  WT  UC- UC  
[    0.000000] found SMP MP-table at [mem 0x0009fff0-0x0009ffff] mapped at [        (ptrval)]
[    0.000000] Scanning 1 areas for low memory corruption
[    0.000000] RAMDISK: [mem 0x35adf000-0x36d66fff]
[    0.000000] ACPI: Early table checksum verification disabled
[    0.000000] ACPI: RSDP 0x00000000000E0000 000024 (v02 VBOX  )
[    0.000000] ACPI: XSDT 0x000000003FFF0030 00003C (v01 VBOX   VBOXXSDT 00000001 ASL  00000061)
[    0.000000] ACPI: FACP 0x000000003FFF00F0 0000F4 (v04 VBOX   VBOXFACP 00000001 ASL  00000061)
[    0.000000] ACPI: DSDT 0x000000003FFF0470 0022EA (v02 VBOX   VBOXBIOS 00000002 INTL 20100528)
[    0.000000] ACPI: FACS 0x000000003FFF0200 000040
[    0.000000] ACPI: FACS 0x000000003FFF0200 000040
[    0.000000] ACPI: APIC 0x000000003FFF0240 00005C (v02 VBOX   VBOXAPIC 00000001 ASL  00000061)
[    0.000000] ACPI: SSDT 0x000000003FFF02A0 0001CC (v01 VBOX   VBOXCPUT 00000002 INTL 20100528)
[    0.000000] No NUMA configuration found
[    0.000000] Faking a node at [mem 0x0000000000000000-0x000000003ffeffff]
[    0.000000] NODE_DATA(0) allocated [mem 0x3ffc5000-0x3ffeffff]
[    0.000000] kvm-clock: cpu 0, msr 0:3ff44001, primary cpu clock
[    0.000000] kvm-clock: Using msrs 4b564d01 and 4b564d00
[    0.000000] kvm-clock: using sched offset of 4683491904 cycles
[    0.000000] clocksource: kvm-clock: mask: 0xffffffffffffffff max_cycles: 0x1cd42e4dffb, max_idle_ns: 881590591483 ns
[    0.000000] Zone ranges:
[    0.000000]   DMA      [mem 0x0000000000001000-0x0000000000ffffff]
[    0.000000]   DMA32    [mem 0x0000000001000000-0x000000003ffeffff]
[    0.000000]   Normal   empty
[    0.000000]   Device   empty
[    0.000000] Movable zone start for each node
[    0.000000] Early memory node ranges
[    0.000000]   node   0: [mem 0x0000000000001000-0x000000000009efff]
[    0.000000]   node   0: [mem 0x0000000000100000-0x000000003ffeffff]
[    0.000000] Reserved but unavailable: 114 pages
[    0.000000] Initmem setup node 0 [mem 0x0000000000001000-0x000000003ffeffff]
[    0.000000] ACPI: PM-Timer IO Port: 0x4008
[    0.000000] IOAPIC[0]: apic_id 2, version 32, address 0xfec00000, GSI 0-23
[    0.000000] ACPI: INT_SRC_OVR (bus 0 bus_irq 0 global_irq 2 dfl dfl)
[    0.000000] ACPI: INT_SRC_OVR (bus 0 bus_irq 9 global_irq 9 low level)
[    0.000000] Using ACPI (MADT) for SMP configuration information
[    0.000000] smpboot: Allowing 2 CPUs, 0 hotplug CPUs
[    0.000000] PM: Registered nosave memory: [mem 0x00000000-0x00000fff]
[    0.000000] PM: Registered nosave memory: [mem 0x0009f000-0x0009ffff]
[    0.000000] PM: Registered nosave memory: [mem 0x000a0000-0x000effff]
[    0.000000] PM: Registered nosave memory: [mem 0x000f0000-0x000fffff]
[    0.000000] e820: [mem 0x40000000-0xfebfffff] available for PCI devices
[    0.000000] Booting paravirtualized kernel on KVM
[    0.000000] clocksource: refined-jiffies: mask: 0xffffffff max_cycles: 0xffffffff, max_idle_ns: 7645519600211568 ns
[    0.000000] random: get_random_bytes called from start_kernel+0x99/0x4fd with crng_init=0
[    0.000000] setup_percpu: NR_CPUS:8192 nr_cpumask_bits:2 nr_cpu_ids:2 nr_node_ids:1
[    0.000000] percpu: Embedded 46 pages/cpu @        (ptrval) s151552 r8192 d28672 u1048576
[    0.000000] PV qspinlock hash table entries: 256 (order: 0, 4096 bytes)
[    0.000000] Built 1 zonelists, mobility grouping on.  Total pages: 257913
[    0.000000] Policy zone: DMA32
[    0.000000] Kernel command line: BOOT_IMAGE=/boot/vmlinuz-4.15.0-48-generic root=LABEL=cloudimg-rootfs ro console=tty1 console=ttyS0
[    0.000000] Memory: 983608K/1048120K available (12300K kernel code, 2473K rwdata, 4276K rodata, 2408K init, 2416K bss, 64512K reserved, 0K cma-reserved)
[    0.000000] SLUB: HWalign=64, Order=0-3, MinObjects=0, CPUs=2, Nodes=1
[    0.000000] Kernel/User page tables isolation: enabled
[    0.000000] ftrace: allocating 39226 entries in 154 pages
[    0.004000] Hierarchical RCU implementation.
[    0.004000] 	RCU restricting CPUs from NR_CPUS=8192 to nr_cpu_ids=2.
[    0.004000] 	Tasks RCU enabled.
[    0.004000] RCU: Adjusting geometry for rcu_fanout_leaf=16, nr_cpu_ids=2
[    0.004000] NR_IRQS: 524544, nr_irqs: 440, preallocated irqs: 16
[    0.004000] Console: colour VGA+ 80x25
[    0.004000] console [tty1] enabled
[    0.004000] console [ttyS0] enabled
[    0.004000] ACPI: Core revision 20170831
[    0.004000] ACPI: 2 ACPI AML tables successfully acquired and loaded
[    0.004000] APIC: Switch to symmetric I/O mode setup
[    0.004000] x2apic enabled
[    0.004000] Switched APIC routing to physical x2apic.
[    0.015736] ..TIMER: vector=0x30 apic1=0 pin1=2 apic2=-1 pin2=-1
[    0.016004] tsc: Detected 2394.458 MHz processor
[    0.020011] Calibrating delay loop (skipped) preset value.. 4788.91 BogoMIPS (lpj=9577832)
[    0.024005] pid_max: default: 32768 minimum: 301
[    0.025605] Security Framework initialized
[    0.026971] Yama: becoming mindful.
[    0.028000] AppArmor: AppArmor initialized
[    0.032094] Dentry cache hash table entries: 131072 (order: 8, 1048576 bytes)
[    0.036124] Inode-cache hash table entries: 65536 (order: 7, 524288 bytes)
[    0.038287] Mount-cache hash table entries: 2048 (order: 2, 16384 bytes)
[    0.040010] Mountpoint-cache hash table entries: 2048 (order: 2, 16384 bytes)
[    0.042724] mce: CPU supports 0 MCE banks
[    0.044031] Last level iTLB entries: 4KB 64, 2MB 8, 4MB 8
[    0.045751] Last level dTLB entries: 4KB 64, 2MB 0, 4MB 0, 1GB 4
[    0.048004] Spectre V2 : Mitigation: Full generic retpoline
[    0.049841] Spectre V2 : Spectre v2 / SpectreRSB mitigation: Filling RSB on context switch
[    0.052003] Speculative Store Bypass: Vulnerable
[    0.053881] Freeing SMP alternatives memory: 36K
[    0.060000] APIC calibration not consistent with PM-Timer: 92ms instead of 100ms
[    0.060000] APIC delta adjusted to PM-Timer: 6245983 (5759223)
[    0.060084] smpboot: CPU0: Intel(R) Core(TM) i7-5500U CPU @ 2.40GHz (family: 0x6, model: 0x3d, stepping: 0x4)
[    0.063513] Performance Events: unsupported p6 CPU model 61 no PMU driver, software events only.
[    0.064048] Hierarchical SRCU implementation.
[    0.068861] NMI watchdog: Perf event create on CPU 0 failed with -2
[    0.070833] NMI watchdog: Perf NMI watchdog permanently disabled
[    0.072076] smp: Bringing up secondary CPUs ...
[    0.073790] x86: Booting SMP configuration:
[    0.075184] .... node  #0, CPUs:      #1
[    0.004000] kvm-clock: cpu 1, msr 0:3ff44041, secondary cpu clock
[    0.004000] mce: CPU supports 0 MCE banks
[    0.082917] smp: Brought up 1 node, 2 CPUs
[    0.084006] smpboot: Max logical packages: 1
[    0.085456] smpboot: Total of 2 processors activated (9577.83 BogoMIPS)
[    0.088191] devtmpfs: initialized
[    0.089382] x86/mm: Memory block size: 128MB
[    0.091339] evm: security.selinux
[    0.092003] evm: security.SMACK64
[    0.093170] evm: security.SMACK64EXEC
[    0.096003] evm: security.SMACK64TRANSMUTE
[    0.097390] evm: security.SMACK64MMAP
[    0.098711] evm: security.apparmor
[    0.100000] evm: security.ima
[    0.100003] evm: security.capability
[    0.101475] clocksource: jiffies: mask: 0xffffffff max_cycles: 0xffffffff, max_idle_ns: 7645041785100000 ns
[    0.104029] futex hash table entries: 512 (order: 3, 32768 bytes)
[    0.108102] pinctrl core: initialized pinctrl subsystem
[    0.112238] RTC time: 14:25:04, date: 05/06/19
[    0.116078] NET: Registered protocol family 16
[    0.117785] audit: initializing netlink subsys (disabled)
[    0.119531] audit: type=2000 audit(1557152709.943:1): state=initialized audit_enabled=0 res=1
[    0.120017] cpuidle: using governor ladder
[    0.121386] cpuidle: using governor menu
[    0.124125] ACPI: bus type PCI registered
[    0.125475] acpiphp: ACPI Hot Plug PCI Controller Driver version: 0.5
[    0.128030] PCI: Using configuration type 1 for base access
[    0.134292] HugeTLB registered 2.00 MiB page size, pre-allocated 0 pages
[    0.136162] ACPI: Added _OSI(Module Device)
[    0.137561] ACPI: Added _OSI(Processor Device)
[    0.140011] ACPI: Added _OSI(3.0 _SCP Extensions)
[    0.141547] ACPI: Added _OSI(Processor Aggregator Device)
[    0.143497] ACPI: Added _OSI(Linux-Dell-Video)
[    0.144008] ACPI: Added _OSI(Linux-Lenovo-NV-HDMI-Audio)
[    0.145697] ACPI: Added _OSI(Linux-HPI-Hybrid-Graphics)
[    0.148494] ACPI: Executed 1 blocks of module-level executable AML code
[    0.164780] ACPI: Interpreter enabled
[    0.166099] ACPI: (supports S0 S5)
[    0.167329] ACPI: Using IOAPIC for interrupt routing
[    0.168881] PCI: Using host bridge windows from ACPI; if necessary, use "pci=nocrs" and report a bug
[    0.172417] ACPI: Enabled 2 GPEs in block 00 to 07
[    0.195051] ACPI: PCI Root Bridge [PCI0] (domain 0000 [bus 00-ff])
[    0.196025] acpi PNP0A03:00: _OSC: OS supports [ASPM ClockPM Segments MSI]
[    0.202160] acpi PNP0A03:00: _OSC: not requesting OS control; OS requires [ExtendedConfig ASPM ClockPM MSI]
[    0.204035] acpi PNP0A03:00: fail to add MMCONFIG information, can't access extended PCI configuration space under this bridge.
[    0.208826] PCI host bridge to bus 0000:00
[    0.210925] pci_bus 0000:00: root bus resource [io  0x0000-0x0cf7 window]
[    0.212007] pci_bus 0000:00: root bus resource [io  0x0d00-0xffff window]
[    0.214287] pci_bus 0000:00: root bus resource [mem 0x000a0000-0x000bffff window]
[    0.216006] pci_bus 0000:00: root bus resource [mem 0x40000000-0xfdffffff window]
[    0.220005] pci_bus 0000:00: root bus resource [bus 00-ff]
[    0.227178] pci 0000:00:01.1: legacy IDE quirk: reg 0x10: [io  0x01f0-0x01f7]
[    0.228005] pci 0000:00:01.1: legacy IDE quirk: reg 0x14: [io  0x03f6]
[    0.232005] pci 0000:00:01.1: legacy IDE quirk: reg 0x18: [io  0x0170-0x0177]
[    0.234283] pci 0000:00:01.1: legacy IDE quirk: reg 0x1c: [io  0x0376]
[    0.261877] pci 0000:00:07.0: quirk: [io  0x4000-0x403f] claimed by PIIX4 ACPI
[    0.264044] pci 0000:00:07.0: quirk: [io  0x4100-0x410f] claimed by PIIX4 SMB
[    0.278496] ACPI: PCI Interrupt Link [LNKA] (IRQs 5 9 10 *11)
[    0.280669] ACPI: PCI Interrupt Link [LNKB] (IRQs 5 9 *10 11)
[    0.282883] ACPI: PCI Interrupt Link [LNKC] (IRQs 5 *9 10 11)
[    0.284337] ACPI: PCI Interrupt Link [LNKD] (IRQs 5 9 10 *11)
[    0.288151] SCSI subsystem initialized
[    0.289528] pci 0000:00:02.0: vgaarb: setting as boot VGA device
[    0.289979] pci 0000:00:02.0: vgaarb: VGA device added: decodes=io+mem,owns=io+mem,locks=none
[    0.292006] pci 0000:00:02.0: vgaarb: bridge control possible
[    0.296003] vgaarb: loaded
[    0.297082] ACPI: bus type USB registered
[    0.298482] usbcore: registered new interface driver usbfs
[    0.300019] usbcore: registered new interface driver hub
[    0.302018] usbcore: registered new device driver usb
[    0.304115] EDAC MC: Ver: 3.0.0
[    0.305572] PCI: Using ACPI for IRQ routing
[    0.308422] NetLabel: Initializing
[    0.309612] NetLabel:  domain hash size = 128
[    0.312002] NetLabel:  protocols = UNLABELED CIPSOv4 CALIPSO
[    0.313897] NetLabel:  unlabeled traffic allowed by default
[    0.316224] clocksource: Switched to clocksource kvm-clock
[    0.364214] VFS: Disk quotas dquot_6.6.0
[    0.365618] VFS: Dquot-cache hash table entries: 512 (order 0, 4096 bytes)
[    0.368052] AppArmor: AppArmor Filesystem Enabled
[    0.369658] pnp: PnP ACPI init
[    0.373616] pnp: PnP ACPI: found 3 devices
[    0.387528] clocksource: acpi_pm: mask: 0xffffff max_cycles: 0xffffff, max_idle_ns: 2085701024 ns
[    0.391722] NET: Registered protocol family 2
[    0.403727] TCP established hash table entries: 8192 (order: 4, 65536 bytes)
[    0.406828] TCP bind hash table entries: 8192 (order: 5, 131072 bytes)
[    0.409930] TCP: Hash tables configured (established 8192 bind 8192)
[    0.412592] UDP hash table entries: 512 (order: 2, 16384 bytes)
[    0.415169] UDP-Lite hash table entries: 512 (order: 2, 16384 bytes)
[    0.417749] NET: Registered protocol family 1
[    0.419747] pci 0000:00:00.0: Limiting direct PCI/PCI transfers
[    0.422313] pci 0000:00:01.0: Activating ISA DMA hang workarounds
[    0.425080] pci 0000:00:02.0: Video device with shadowed ROM at [mem 0x000c0000-0x000dffff]
[    0.429083] Unpacking initramfs...
[    1.397085] Freeing initrd memory: 18976K
[    1.398726] platform rtc_cmos: registered platform RTC device (no PNP device found)
[    1.401469] Scanning for low memory corruption every 60 seconds
[    1.404781] Initialise system trusted keyrings
[    1.406550] Key type blacklist registered
[    1.408199] workingset: timestamp_bits=36 max_order=18 bucket_order=0
[    1.413525] zbud: loaded
[    1.415668] squashfs: version 4.0 (2009/01/31) Phillip Lougher
[    1.418511] fuse init (API version 7.26)
[    1.424526] Key type asymmetric registered
[    1.425922] Asymmetric key parser 'x509' registered
[    1.427661] Block layer SCSI generic (bsg) driver version 0.4 loaded (major 246)
[    1.430343] io scheduler noop registered
[    1.431691] io scheduler deadline registered
[    1.433205] io scheduler cfq registered (default)
[    1.435229] ACPI: AC Adapter [AC] (on-line)
[    1.436810] input: Power Button as /devices/LNXSYSTM:00/LNXPWRBN:00/input/input0
[    1.439283] ACPI: Power Button [PWRF]
[    1.440727] input: Sleep Button as /devices/LNXSYSTM:00/LNXSLPBN:00/input/input1
[    1.443176] ACPI: Sleep Button [SLPF]
[    1.447088] ACPI: Battery Slot [BAT0] (battery present)
[    1.449017] Serial: 8250/16550 driver, 32 ports, IRQ sharing enabled
 	
 !"#$%&'()*+,-./0123456789:;<=>?@ABCDEFGHIJKLMNOPQRSTUVWXYZ[\]^_`abcdefghijklmnopqrstuvwxyz{|}~€‚ƒ„…†‡ˆ‰Š‹ŒŽ‘’“”•–—˜™š›œžŸ ¡¢£¤¥¦§¨©ª«¬­®¯°±²³´µ¶·¸¹º»¼½¾¿ÀÁÂÃÄÅÆÇÈÉÊËÌÍÎÏÐÑÒÓÔÕÖ×ØÙÚÛÜÝÞßàáâãäåæçèéêëìíîïðñòóôõö÷øùúûüýþÿ[    1.473831] 00:02: ttyS0 at I/O 0x3f8 (irq = 4, base_baud = 115200) is a 16550A
[    1.482236] Linux agpgart interface v0.103
[    1.486585] loop: module loaded
[    1.488823] scsi host0: ata_piix
[    1.490189] scsi host1: ata_piix
[    1.491401] ata1: PATA max UDMA/33 cmd 0x1f0 ctl 0x3f6 bmdma 0xd000 irq 14
[    1.493566] ata2: PATA max UDMA/33 cmd 0x170 ctl 0x376 bmdma 0xd008 irq 15
[    1.496587] libphy: Fixed MDIO Bus: probed
[    1.497966] tun: Universal TUN/TAP device driver, 1.6
[    1.500526] PPP generic driver version 2.4.2
[    1.502483] ehci_hcd: USB 2.0 'Enhanced' Host Controller (EHCI) Driver
[    1.505510] ehci-pci: EHCI PCI platform driver
[    1.507603] ehci-platform: EHCI generic platform driver
[    1.509982] ohci_hcd: USB 1.1 'Open' Host Controller (OHCI) Driver
[    1.512729] ohci-pci: OHCI PCI platform driver
[    1.514819] ohci-platform: OHCI generic platform driver
[    1.517250] uhci_hcd: USB Universal Host Controller Interface driver
[    1.520197] i8042: PNP: PS/2 Controller [PNP0303:PS2K,PNP0f03:PS2M] at 0x60,0x64 irq 1,12
[    1.525994] serio: i8042 KBD port at 0x60,0x64 irq 1
[    1.529863] serio: i8042 AUX port at 0x60,0x64 irq 12
[    1.532521] mousedev: PS/2 mouse device common for all mice
[    1.536256] input: AT Translated Set 2 keyboard as /devices/platform/i8042/serio0/input/input2
[    1.540446] rtc_cmos rtc_cmos: rtc core: registered rtc_cmos as rtc0
[    1.543319] rtc_cmos rtc_cmos: alarms up to one day, 114 bytes nvram
[    1.545958] i2c /dev entries driver
[    1.547596] pcie_mp2_amd: AMD(R) PCI-E MP2 Communication Driver Version: 1.0
[    1.550658] device-mapper: uevent: version 1.0.3
[    1.552885] device-mapper: ioctl: 4.37.0-ioctl (2017-09-20) initialised: dm-devel@redhat.com
[    1.556530] ledtrig-cpu: registered to indicate activity on CPUs
[    1.560116] NET: Registered protocol family 10
[    1.567602] Segment Routing with IPv6
[    1.569702] NET: Registered protocol family 17
[    1.572012] Key type dns_resolver registered
[    1.574404] RAS: Correctable Errors collector initialized.
[    1.576172] sched_clock: Marking stable (1574228784, 0)->(2138444328, -564215544)
[    1.579366] registered taskstats version 1
[    1.581510] Loading compiled-in X.509 certificates
[    1.593385] Loaded X.509 cert 'Build time autogenerated kernel key: e7056c016f846647db0f624c10ce588fee742707'
[    1.597981] zswap: loaded using pool lzo/zbud
[    1.604650] Key type big_key registered
[    1.606080] Key type trusted registered
[    1.608969] Key type encrypted registered
[    1.610322] AppArmor: AppArmor sha1 policy hashing enabled
[    1.612091] ima: No TPM chip found, activating TPM-bypass! (rc=-19)
[    1.614047] ima: Allocated hash algorithm: sha1
[    1.615534] evm: HMAC attrs: 0x1
[    1.617102]   Magic number: 3:303:434
[    1.618488] rtc_cmos rtc_cmos: setting system clock to 2019-05-06 14:25:05 UTC (1557152705)
[    1.621399] BIOS EDD facility v0.16 2004-Jun-25, 0 devices found
[    1.623274] EDD information not available.
[    1.668151] Freeing unused kernel image memory: 2408K
[    1.672678] Write protecting the kernel read-only data: 20480k
[    1.675990] Freeing unused kernel image memory: 2008K
[    1.678167] Freeing unused kernel image memory: 1868K
[    1.717851] x86/mm: Checked W+X mappings: passed, no W+X pages found.
[    1.719944] x86/mm: Checking user space page tables
[    1.758350] x86/mm: Checked W+X mappings: passed, no W+X pages found.
Loading, please wait...
starting version 237
[    1.925074] Fusion MPT base driver 3.04.20
[    1.927001] Copyright (c) 1999-2008 LSI Corporation
[    1.971691] e1000: Intel(R) PRO/1000 Network Driver - version 7.3.21-k8-NAPI
[    1.974746] e1000: Copyright (c) 1999-2006 Intel Corporation.
[    1.984619] AVX2 version of gcm_enc/dec engaged.
[    1.986769] AES CTR mode by8 optimization enabled
[    1.998230] Fusion MPT SPI Host driver 3.04.20
[    2.178373] input: ImExPS/2 Generic Explorer Mouse as /devices/platform/i8042/serio1/input/input4
[    2.400116] tsc: Refined TSC clocksource calibration: 2395.252 MHz
[    2.402983] clocksource: tsc: mask: 0xffffffffffffffff max_cycles: 0x2286b1fbef6, max_idle_ns: 440795207222 ns
[    2.493600] e1000 0000:00:03.0 eth0: (PCI:33MHz:32-bit) 02:ff:cd:56:66:68
[    2.497269] e1000 0000:00:03.0 eth0: Intel(R) PRO/1000 Network Connection
[    2.505121] mptbase: ioc0: Initiating bringup
[    2.510380] e1000 0000:00:03.0 enp0s3: renamed from eth0
[    2.607766] ioc0: LSI53C1030 A0: Capabilities={Initiator}
[    2.878459] scsi host2: ioc0: LSI53C1030 A0, FwRev=00000000h, Ports=1, MaxQ=256, IRQ=20
[    3.387744] scsi 2:0:0:0: Direct-Access     VBOX     HARDDISK         1.0  PQ: 0 ANSI: 5
[    3.428930] scsi target2:0:0: Beginning Domain Validation
[    3.445393] scsi target2:0:0: Domain Validation skipping write tests
[    3.453631] scsi target2:0:0: Ending Domain Validation
[    3.461097] scsi target2:0:0: asynchronous
[    3.469251] scsi 2:0:1:0: Direct-Access     VBOX     HARDDISK         1.0  PQ: 0 ANSI: 5
[    3.508098] scsi target2:0:1: Beginning Domain Validation
[    3.513855] random: fast init done
[    3.518755] scsi target2:0:1: Domain Validation skipping write tests
[    3.522532] scsi target2:0:1: Ending Domain Validation
[    3.526394] scsi target2:0:1: asynchronous
[    3.543038] random: systemd-udevd: uninitialized urandom read (16 bytes read)
[    3.547556] random: systemd-udevd: uninitialized urandom read (16 bytes read)
[    3.547622] sd 2:0:0:0: Attached scsi generic sg0 type 0
[    3.555187] random: systemd-udevd: uninitialized urandom read (16 bytes read)
[    3.559480] sd 2:0:1:0: Attached scsi generic sg1 type 0
[    3.561764] sd 2:0:0:0: [sda] 20971520 512-byte logical blocks: (10.7 GB/10.0 GiB)
[    3.561969] sd 2:0:1:0: [sdb] 20480 512-byte logical blocks: (10.5 MB/10.0 MiB)
[    3.562048] sd 2:0:1:0: [sdb] Write Protect is off
[    3.562205] sd 2:0:1:0: [sdb] Incomplete mode parameter data
[    3.562208] sd 2:0:1:0: [sdb] Assuming drive cache: write through
[    3.567760] sd 2:0:1:0: [sdb] Attached SCSI disk
[    3.589668] sd 2:0:0:0: [sda] Write Protect is off
[    3.591688] sd 2:0:0:0: [sda] Incomplete mode parameter data
[    3.593595] sd 2:0:0:0: [sda] Assuming drive cache: write through
[    3.598012]  sda: sda1
[    3.600452] sd 2:0:0:0: [sda] Attached SCSI disk
Begin: Loading essential drivers ... [    5.836549] raid6: sse2x1   gen()  2108 MB/s
[    5.884026] raid6: sse2x1   xor()  1621 MB/s
[    5.932212] raid6: sse2x2   gen()  4636 MB/s
[    5.980054] raid6: sse2x2   xor()  2651 MB/s
[    6.028901] raid6: sse2x4   gen()  5388 MB/s
[    6.084526] raid6: sse2x4   xor()  3276 MB/s
[    6.132353] raid6: avx2x1   gen()  5026 MB/s
[    6.180202] raid6: avx2x1   xor()  2672 MB/s
[    6.228043] raid6: avx2x2   gen()  9491 MB/s
[    6.276853] raid6: avx2x2   xor()  5073 MB/s
[    6.324694] raid6: avx2x4   gen() 12829 MB/s
[    6.372542] raid6: avx2x4   xor()  7020 MB/s
[    6.374236] raid6: using algorithm avx2x4 gen() 12829 MB/s
[    6.376192] raid6: .... xor() 7020 MB/s, rmw enabled
[    6.377964] raid6: using avx2x2 recovery algorithm
[    6.382018] xor: automatically using best checksumming function   avx       
[    6.386704] async_tx: api initialized (async)
done.
Begin: Running /scripts/init-premount ... done.
Begin: Mounting root file system ... Begin: Running /scripts/local-top ... done.
Begin: Running /scripts/local-premount ... [    6.492703] Btrfs loaded, crc32c=crc32c-intel
Scanning for Btrfs filesystems
done.
Warning: fsck not present, so skipping root file system
[    6.542416] EXT4-fs (sda1): mounted filesystem with ordered data mode. Opts: (null)
done.
Begin: Running /scripts/local-bottom ... done.
Begin: Running /scripts/init-bottom ... done.
[    6.786841] ip_tables: (C) 2000-2006 Netfilter Core Team
[    6.801621] systemd[1]: systemd 237 running in system mode. (+PAM +AUDIT +SELINUX +IMA +APPARMOR +SMACK +SYSVINIT +UTMP +LIBCRYPTSETUP +GCRYPT +GNUTLS +ACL +XZ +LZ4 +SECCOMP +BLKID +ELFUTILS +KMOD -IDN2 +IDN -PCRE2 default-hierarchy=hybrid)
[    6.809714] systemd[1]: Detected virtualization oracle.
[    6.811467] systemd[1]: Detected architecture x86-64.

Welcome to [1mUbuntu 18.04.2 LTS[0m!

[    6.820166] systemd[1]: Set hostname to <ubuntu>.
[    6.826711] systemd[1]: Initializing machine ID from random generator.
[    6.829110] systemd[1]: Installed transient /etc/machine-id file.
[    7.206001] systemd[1]: Started Forward Password Requests to Wall Directory Watch.
[[0;32m  OK  [0m] Started Forward Password Requests to Wall Directory Watch.
[    7.212981] systemd[1]: Created slice System Slice.
[[0;32m  OK  [0m] Created slice System Slice.
[    7.216017] systemd[1]: Listening on udev Kernel Socket.
[[0;32m  OK  [0m] Listening on udev Kernel Socket.
[    7.218951] systemd[1]: Listening on LVM2 poll daemon socket.
[[0;32m  OK  [0m] Listening on LVM2 poll daemon socket.
[[0;32m  OK  [0m] Listening on Network Service Netlink Socket.
[[0;32m  OK  [0m] Listening on LVM2 metadata daemon socket.
[[0;32m  OK  [0m] Created slice system-serial\x2dgetty.slice.
[[0;32m  OK  [0m] Reached target System Time Synchronized.
[[0;32m  OK  [0m] Listening on Journal Socket (/dev/log).
[[0;32m  OK  [0m] Listening on Syslog Socket.
[[0;32m  OK  [0m] Set up automount Arbitrary Executabâ€¦rmats File System Automount Point.
[[0;32m  OK  [0m] Listening on Journal Audit Socket.
[[0;32m  OK  [0m] Listening on /dev/initctl Compatibility Named Pipe.
[[0;32m  OK  [0m] Listening on Journal Socket.
         Mounting Kernel Debug File System...
         Starting Load Kernel Modules...
         Starting Create list of required stâ€¦ce nodes for the current kernel...
         Mounting Huge Pages File System...
         Starting Uncomplicated firewall...
         Starting Journal Service...
[[0;32m  OK  [0m] Reached target Swap.
[[0;32m  OK  [0m] Listening on Device-mapper event daemon FIFOs.
         Starting Monitoring of LVM2 mirrorsâ€¦ng dmeventd or progress polling...
[[0;32m  OK  [0m] Reached target User and Group Name Lookups.
         Starting Set the console keyboard layout...
         Mounting POSIX Message Queue File System...
[[0;32m  OK  [0m] Listening on udev Control Socket.
         Starting udev Coldplug all Devices...
[[0;32m  OK  [0m] Created slice User and Session Slice.
[[0;32m  OK  [0m] Reached target Slices.
         Starting Remount Root and Kernel File Systems...
[[0;32m  OK  [0m] Started Create list of required staâ€¦vice nodes for the current kernel.
[[0;32m  OK  [0m] Started Uncomplicated firewall.
         Starting Create Static Device Nodes in /dev...
[    7.591375] Loading iSCSI transport class v2.0-870.
[[0;32m  OK  [0m] Started Journal Service.
[[0;32m  OK  [0m] Started Create Static Device Nodes in /dev.
[    7.699521] iscsi: registered transport (tcp)
[[0;32m  OK  [0m] Mounted Kernel Debug File System.
[[0;32m  OK  [0m] Mounted Huge Pages File System.
[[0;32m  OK  [0m] Mounted POSIX Message Queue File System.
[    7.749724] iscsi: registered transport (iser)
[[0;32m  OK  [0m] Started Load Kernel Modules.
         Mounting Kernel Configuration File System...
         Starting Apply Kernel Variables...
[    7.762733] EXT4-fs (sda1): re-mounted. Opts: (null)
         Mounting FUSE Control File System...
[[0;32m  OK  [0m] Started Remount Root and Kernel File Systems.
[[0;32m  OK  [0m] Started udev Coldplug all Devices.
[[0;32m  OK  [0m] Mounted Kernel Configuration File System.
[[0;32m  OK  [0m] Mounted FUSE Control File System.
         Starting Load/Save Random Seed...
         Starting udev Kernel Device Manager...
         Starting Flush Journal to Persistent Storage...
[[0;32m  OK  [0m] Started Apply Kernel Variables.
[[0;32m  OK  [0m] Started Load/Save Random Seed.
[[0;32m  OK  [0m] Started LVM2 metadata daemon.
[[0;32m  OK  [0m] Started udev Kernel Device Manager.
[[0;32m  OK  [0m] Started Monitoring of LVM2 mirrors,â€¦sing dmeventd or progress polling.
[[0;32m  OK  [0m] Started Flush Journal to Persistent Storage.
[[0;32m  OK  [0m] Found device /dev/ttyS0.
[[0;32m  OK  [0m] Listening on Load/Save RF Kill Switch Status /dev/rfkill Watch.
[[0;32m  OK  [0m] Started Set the console keyboard layout.
[[0;32m  OK  [0m] Reached target Local File Systems (Pre).
[[0;32m  OK  [0m] Reached target Local File Systems.
         Starting Create Volatile Files and Directories...
         Starting ebtables ruleset management...
         Starting Commit a transient machine-id on disk...
         Starting AppArmor initialization...
         Starting Tell Plymouth To Write Out Runtime Data...
         Starting Set console font and keymap...
[[0;32m  OK  [0m] Started Dispatch Password Requests to Console Directory Watch.
[[0;32m  OK  [0m] Reached target Local Encrypted Volumes.
[[0;32m  OK  [0m] Started Create Volatile Files and Directories.
         Starting Update UTMP about System Boot/Shutdown...
[[0;32m  OK  [0m] Started Tell Plymouth To Write Out Runtime Data.
[[0;32m  OK  [0m] Started Set console font and keymap.
[[0;32m  OK  [0m] Started Update UTMP about System Boot/Shutdown.
[[0;32m  OK  [0m] Started Commit a transient machine-id on disk.
[[0;32m  OK  [0m] Started ebtables ruleset management.
[[0;32m  OK  [0m] Started AppArmor initialization.
         Starting Initial cloud-init job (pre-networking)...
[   14.640899] cloud-init[607]: Cloud-init v. 18.5-45-g3554ffe8-0ubuntu1~18.04.1 running 'init-local' at Mon, 06 May 2019 14:25:17 +0000. Up 13.88 seconds.
[[0;32m  OK  [0m] Started Initial cloud-init job (pre-networking).
[[0;32m  OK  [0m] Reached target Network (Pre).
         Starting Network Service...
[[0;32m  OK  [0m] Started Network Service.
         Starting Network Name Resolution...
         Starting Wait for Network to be Configured...
[[0;32m  OK  [0m] Started Network Name Resolution.
[[0;32m  OK  [0m] Reached target Host and Network Name Lookups.
[[0;32m  OK  [0m] Reached target Network.
[[0;32m  OK  [0m] Started Wait for Network to be Configured.
         Starting Initial cloud-init job (metadata service crawler)...
[   17.697803] cloud-init[720]: Cloud-init v. 18.5-45-g3554ffe8-0ubuntu1~18.04.1 running 'init' at Mon, 06 May 2019 14:25:21 +0000. Up 17.29 seconds.
[   17.712474] cloud-init[720]: ci-info: ++++++++++++++++++++++++++++++++++++++Net device info++++++++++++++++++++++++++++++++++++++
[   17.715259] cloud-init[720]: ci-info: +--------+------+----------------------------+---------------+--------+-------------------+
[   17.718227] cloud-init[720]: ci-info: | Device |  Up  |          Address           |      Mask     | Scope  |     Hw-Address    |
[   17.728471] cloud-init[720]: ci-info: +--------+------+----------------------------+---------------+--------+-------------------+
[   17.733105] cloud-init[720]: ci-info: | enp0s3 | True |         10.0.2.15          | 255.255.255.0 | global | 02:ff:cd:56:66:68 |
[   17.736905] cloud-init[720]: ci-info: | enp0s3 | True | fe80::ff:cdff:fe56:6668/64 |       .       |  link  | 02:ff:cd:56:66:68 |
[   17.739655] cloud-init[720]: ci-info: |   lo   | True |         127.0.0.1          |   255.0.0.0   |  host  |         .         |
[   17.743263] cloud-init[720]: ci-info: |   lo   | True |          ::1/128           |       .       |  host  |         .         |
[   17.745942] cloud-init[720]: ci-info: +--------+------+----------------------------+---------------+--------+-------------------+
[   17.749097] cloud-init[720]: ci-info: ++++++++++++++++++++++++++++Route IPv4 info+++++++++++++++++++++++++++++
[   17.752418] cloud-init[720]: ci-info: +-------+-------------+----------+-----------------+-----------+-------+
[   17.755096] cloud-init[720]: ci-info: | Route | Destination | Gateway  |     Genmask     | Interface | Flags |
[   17.768626] cloud-init[720]: ci-info: +-------+-------------+----------+-----------------+-----------+-------+
[   17.771108] cloud-init[720]: ci-info: |   0   |   0.0.0.0   | 10.0.2.2 |     0.0.0.0     |   enp0s3  |   UG  |
[   17.773474] cloud-init[720]: ci-info: |   1   |   10.0.2.0  | 0.0.0.0  |  255.255.255.0  |   enp0s3  |   U   |
[   17.784338] cloud-init[720]: ci-info: |   2   |   10.0.2.2  | 0.0.0.0  | 255.255.255.255 |   enp0s3  |   UH  |
[   17.787330] cloud-init[720]: ci-info: +-------+-------------+----------+-----------------+-----------+-------+
[   17.790462] cloud-init[720]: ci-info: +++++++++++++++++++Route IPv6 info+++++++++++++++++++
[   17.793080] cloud-init[720]: ci-info: +-------+-------------+---------+-----------+-------+
[   17.795547] cloud-init[720]: ci-info: | Route | Destination | Gateway | Interface | Flags |
[   17.798180] cloud-init[720]: ci-info: +-------+-------------+---------+-----------+-------+
[   17.805302] cloud-init[720]: ci-info: |   1   |  fe80::/64  |    ::   |   enp0s3  |   U   |
[   17.807812] cloud-init[720]: ci-info: |   3   |    local    |    ::   |   enp0s3  |   U   |
[   17.812649] cloud-init[720]: ci-info: |   4   |   ff00::/8  |    ::   |   enp0s3  |   U   |
[   17.815071] cloud-init[720]: ci-info: +-------+-------------+---------+-----------+-------+
[   19.331820] cloud-init[720]: Generating public/private rsa key pair.
[   19.334163] cloud-init[720]: Your identification has been saved in /etc/ssh/ssh_host_rsa_key.
[   19.337190] cloud-init[720]: Your public key has been saved in /etc/ssh/ssh_host_rsa_key.pub.
[   19.339471] cloud-init[720]: The key fingerprint is:
[   19.341411] cloud-init[720]: SHA256:+OSau4DMjqxQnKa1Ns3mzncQQKfWlDDZInOw11/RS/A root@ubuntu-bionic
[   19.344407] cloud-init[720]: The key's randomart image is:
[   19.346556] cloud-init[720]: +---[RSA 2048]----+
[   19.348507] cloud-init[720]: |  .o++o.  oo     |
[   19.350990] cloud-init[720]: |  o.=Bo    oo    |
[   19.352742] cloud-init[720]: |  .++oo   ..E.   |
[   19.364530] cloud-init[720]: | . +  .o .  .    |
[   19.366248] cloud-init[720]: |  *   ..S        |
[   19.368514] cloud-init[720]: | B =  .+         |
[   19.370402] cloud-init[720]: |o B =  .o        |
[   19.385105] cloud-init[720]: |o+ = ..o.        |
[   19.387099] cloud-init[720]: |+...+.=+         |
[   19.389025] cloud-init[720]: +----[SHA256]-----+
[   19.390793] cloud-init[720]: Generating public/private dsa key pair.
[   19.393130] cloud-init[720]: Your identification has been saved in /etc/ssh/ssh_host_dsa_key.
[   19.395828] cloud-init[720]: Your public key has been saved in /etc/ssh/ssh_host_dsa_key.pub.
[   19.398604] cloud-init[720]: The key fingerprint is:
[   19.400235] cloud-init[720]: SHA256:m59b0y86ze0zbkGKwC2Tf/A75LvUUquHJ3//pugLeGc root@ubuntu-bionic
[   19.402844] cloud-init[720]: The key's randomart image is:
[   19.404849] cloud-init[720]: +---[DSA 1024]----+
[   19.406582] cloud-init[720]: |                 |
[   19.408451] cloud-init[720]: |                 |
[   19.410191] cloud-init[720]: |        . o      |
[   19.412401] cloud-init[720]: |         * o   . |
[   19.414345] cloud-init[720]: |        S = + o. |
[   19.416200] cloud-init[720]: |         + o *o..|
[   19.418005] cloud-init[720]: |        + o E=++.|
[   19.420081] cloud-init[720]: |         o *oO*B+|
[   19.421807] cloud-init[720]: |          +o=B%B@|
[   19.423536] cloud-init[720]: +----[SHA256]-----+
[   19.425219] cloud-init[720]: Generating public/private ecdsa key pair.
[   19.428093] cloud-init[720]: Your identification has been saved in /etc/ssh/ssh_host_ecdsa_key.
[   19.430495] cloud-init[720]: Your public key has been saved in /etc/ssh/ssh_host_ecdsa_key.pub.
[   19.433446] cloud-init[720]: The key fingerprint is:
[   19.436328] cloud-init[720]: SHA256:QPoQTrurdv/tkBO9CEDboFO1T4vzxOIzYCdSWbMil9k root@ubuntu-bionic
[   19.438872] cloud-init[720]: The key's randomart image is:
[   19.440658] cloud-init[720]: +---[ECDSA 256]---+
[   19.442312] cloud-init[720]: |    *.=          |
[[0;32m  OK  [0m] Started Initial cloud-init job (metadata service crawler).
[[0;32m  OK  [0m] Reached target Cloud-config availability.
[[0;32m  OK  [0m] Reached target System Initialization.
[[0;32m  OK  [0m] Started Daily Cleanup of Temporary Directories.
[   19.466649] cloud-init[720]: |   * # +         |
[   19.468048] cloud-init[720]: |  + # E .        |
[   19.469333] cloud-init[720]: |   = * * o       |
[   19.470730] cloud-init[720]: |  . = B S .      |
[   19.471958] cloud-init[720]: |   o * * + .     |
[   19.473169] cloud-init[720]: |    . + * .      |
[   19.474281] cloud-init[720]: |  ...  o +       |
[   19.475338] cloud-init[720]: | ... .....o      |
[   19.476746] cloud-init[720]: +----[SHA256]-----+
[   19.478276] cloud-init[720]: Generating public/private ed25519 key pair.
         Starting LXD - unix socket.
[[0;32m  OK  [0m] Started ACPI Events Check.
[[0;32m  OK  [0m] Reached target Paths.
[[0;32m  OK  [0m] Started Message of the Day.
         Starting Socket activation for snappy daemon.
[[0;32m  OK  [0m] Listening on UUID daemon activation socket.
[[0;32m  OK  [0m] Listening on D-Bus System Message Bus Socket.
[[0;32m  OK  [0m] Listening on ACPID Listen Socket.
[   19.486110] [[0;32m  OK  [0m] Started Discard unused blocks once a week.
[[0;32m  OK  [0m] Listening on Open-iSCSI iscsid Socket.
[[0;32m  OK  [0m] Started Daily apt download activities.
[[0;32m  OK  [0m] Started Daily apt upgrade and clean activities.
[[0;32m  OK  [0m] Reached target Timers.
[[0;32m  OK  [0m] Reached target Network is Online.
cloud-init[720]:          Starting Availability of block devices...
[[0;32m  OK  [0m] Reached target Remote File Systems (Pre).
[[0;32m  OK  [0m] Reached target Remote File Systems.
[[0;32m  OK  [0m] Listening on LXD - unix socket.
[[0;32m  OK  [0m] Listening on Socket activation for snappy daemon.
[Your identification has been saved in /etc/ssh/ssh_host_ed25519_key.
[   19.531017] cloud-init[720]: Your public key has been saved in /etc/ssh/ssh_host_ed25519_key.pub.
[   19.535053] cloud-init[0;32m  OK  [0m] Reached target Sockets.
[[0;32m  OK  [0m] Reached target Basic System.
[[0;32m  OK  [0m] Started Regular background program processing daemon.
[720]: The key fingerprint is:
         Starting Accounts Service...
[   19.547317]          Starting Virtualbox guest utils...
cloud-init         Starting LSB: automatic crash report generation...
[720]: SHA256:b2Z09APL876qlRTNborVCyyNh9uQpwfMdJDU0WqyeQc root@ubuntu-bionic         Starting Login Service...

[   19.572669] cloud-init[720]: The key's randomart image is:
         Starting Pollinate to seed the pseudo random number generator...
         Starting LSB: Record successful boot for GRUB...
[   19.589285] cloud-init[720]: +--[ED25519 256]--+
[   19.591577] cloud-init[720]: |         .oo.o   |
[   19.595143] cloud-init[720]: |          ...o.  |
[   19.598521] cloud-init[720]: |          . =.o  |
[   19.602210] cloud-init[720]: |         +.XEB   |
[   19.616361] cloud-init[720]: |        S @=&.*  |
[   19.619442] cloud-init[720]: |         oo#.B.o |
[   19.623714] cloud-init[720]: |          O.*.o  |
[   19.627495] cloud-init[720]: |         + o .   |
[   19.630626] cloud-init[720]: |          ....o. |
[   19.632409] cloud-init[720]: +----[SHA256]-----+
[[0;32m  OK  [0m] Started irqbalance daemon.
[[0;32m  OK  [0m] Started FUSE filesystem for LXC.
         Starting Dispatcher daemon for systemd-networkd...
         Starting Permit User Sessions...
         Starting Snappy daemon...
[[0;32m  OK  [0m] Started Deferred execution scheduler.
         Starting System Logging Service...
[[0;32m  OK  [0m] Started D-Bus System Message Bus.
[[0;32m  OK  [0m] Started Login Service.
[[0;32m  OK  [0m] Started Unattended Upgrades Shutdown.
         Starting LXD - container startup/shutdown...
[[0;32m  OK  [0m] Started Availability of block devices.
[[0;32m  OK  [0m] Started Permit User Sessions.
[[0;32m  OK  [0m] Started System Logging Service.
         Starting Hold until boot process finishes up...
         Starting Terminate Plymouth Boot Screen...
[[0;32m  OK  [0m] Started Hold until boot process finishes up.
[[0;32m  OK  [0m] Started Serial Getty on ttyS0.
         Starting Set console scheme...
[[0;32m  OK  [0m] Started Terminate Plymouth Boot Screen.
[[0;32m  OK  [0m] Started Set console scheme.
[[0;32m  OK  [0m] Created slice system-getty.slice.
[[0;32m  OK  [0m] Started Getty on tty1.
[[0;32m  OK  [0m] Reached target Login Prompts.
         Starting Authorization Manager...
[[0;32m  OK  [0m] Started LSB: automatic crash report generation.
[[0;32m  OK  [0m] Started LSB: Record successful boot for GRUB.
[[0;32m  OK  [0m] Started Authorization Manager.
[[0;32m  OK  [0m] Started Accounts Service.
[[0;32m  OK  [0m] Started Virtualbox guest utils.
[[0;32m  OK  [0m] Started Dispatcher daemon for systemd-networkd.
[[0;32m  OK  [0m] Started LXD - container startup/shutdown.
[[0;32m  OK  [0m] Started Snappy daemon.
         Starting Wait until snapd is fully seeded...
[[0;32m  OK  [0m] Started Pollinate to seed the pseudo random number generator.
         Starting OpenBSD Secure Shell server...
[[0;32m  OK  [0m] Started OpenBSD Secure Shell server.
[[0;32m  OK  [0m] Created slice User Slice of vagrant.
         Starting User Manager for UID 1000...
[[0;32m  OK  [0m] Started Session 1 of user vagrant.
[[0;32m  OK  [0m] Started User Manager for UID 1000.
[[0;32m  OK  [0m] Started Wait until snapd is fully seeded.
         Starting Apply the settings specified in cloud-config...
[[0;32m  OK  [0m] Reached target Multi-User System.
[[0;32m  OK  [0m] Reached target Graphical Interface.
         Starting Update UTMP about System Runlevel Changes...
[[0;32m  OK  [0m] Started Update UTMP about System Runlevel Changes.
[   25.979656] cloud-init[1147]: Cloud-init v. 18.5-45-g3554ffe8-0ubuntu1~18.04.1 running 'modules:config' at Mon, 06 May 2019 14:25:28 +0000. Up 24.56 seconds.

Ubuntu 18.04.2 LTS ubuntu-bionic ttyS0

ubuntu-bionic login: ci-info: no authorized ssh keys fingerprints found for user ubuntu.
<14>May  6 14:25:31 ec2: 
<14>May  6 14:25:31 ec2: #############################################################
<14>May  6 14:25:31 ec2: -----BEGIN SSH HOST KEY FINGERPRINTS-----
<14>May  6 14:25:31 ec2: 1024 SHA256:m59b0y86ze0zbkGKwC2Tf/A75LvUUquHJ3//pugLeGc root@ubuntu-bionic (DSA)
<14>May  6 14:25:31 ec2: 256 SHA256:QPoQTrurdv/tkBO9CEDboFO1T4vzxOIzYCdSWbMil9k root@ubuntu-bionic (ECDSA)
<14>May  6 14:25:31 ec2: 256 SHA256:b2Z09APL876qlRTNborVCyyNh9uQpwfMdJDU0WqyeQc root@ubuntu-bionic (ED25519)
<14>May  6 14:25:31 ec2: 2048 SHA256:+OSau4DMjqxQnKa1Ns3mzncQQKfWlDDZInOw11/RS/A root@ubuntu-bionic (RSA)
<14>May  6 14:25:31 ec2: -----END SSH HOST KEY FINGERPRINTS-----
<14>May  6 14:25:31 ec2: #############################################################
-----BEGIN SSH HOST KEY KEYS-----
ecdsa-sha2-nistp256 AAAAE2VjZHNhLXNoYTItbmlzdHAyNTYAAAAIbmlzdHAyNTYAAABBBPuqf0OjBTzDhJME9rcsNvYbECR2TTFPAbsag4EwXxTC2yQaymIVLJdBwV03tCnlzjbwC3VyoNEph8R8/karH50= root@ubuntu-bionic
ssh-ed25519 AAAAC3NzaC1lZDI1NTE5AAAAIL4Dhp3kqyE6X06yXk4dYpC9pVkxOv/puwyyLDxJqpEu root@ubuntu-bionic
ssh-rsa AAAAB3NzaC1yc2EAAAADAQABAAABAQCpLgf4mqk5Gk8qbom8x5oaccDtsFQEoJlswfyF/6WnRZl0RVOldpdmRAVHL0iEJMzNn4UCmUeJxH+bogOUfuVz+DNoir/DMnCHQ826d0P71DF0xiWotAfrD+jTjUSZ7WJcwN2cwgMDhoZ63V+WkqHCONk3cOyKDjgEhzsak0tuSNl3sumTVK+JCTR9NrwZccqwjikXu10YGzkog1LGNE1lIoriICgLGBGb4iLkY/31BGF+dMf3BqfgtFSDunO2YqL+2XMQTedqsZFZHTCnnyoaHkI6ObJzCnil4qUdhZE16W0CQpXRzZKKKpKy4+syMJFvYucxxIU20gjOjfGlsYyL root@ubuntu-bionic
-----END SSH HOST KEY KEYS-----
[   27.649656] cloud-init[1256]: Cloud-init v. 18.5-45-g3554ffe8-0ubuntu1~18.04.1 running 'modules:final' at Mon, 06 May 2019 14:25:31 +0000. Up 27.24 seconds.
[   27.649793] cloud-init[1256]: ci-info: no authorized ssh keys fingerprints found for user ubuntu.
[   27.651821] cloud-init[1256]: Cloud-init v. 18.5-45-g3554ffe8-0ubuntu1~18.04.1 finished at Mon, 06 May 2019 14:25:31 +0000. Datasource DataSourceNoCloud [seed=/dev/sdb][dsmode=net].  Up 27.63 seconds
